<?xml version="1.0" encoding="ISO-8859-1" ?>
<link_info>
   <banner>TI ARM Linker PC v20.2.2.LTS</banner>
   <copyright>Copyright (c) 1996-2018 Texas Instruments Incorporated</copyright>
   <link_time>0x5fbc5ed5</link_time>
   <link_errors>0x0</link_errors>
   <output_file>HW03.out</output_file>
   <entry_point>
      <name>_c_int00_noargs</name>
      <address>0x7b55</address>
   </entry_point>
   <input_file_list>
      <input_file id="fl-2">
         <path>.\</path>
         <kind>object</kind>
         <file>lcd.obj</file>
         <name>lcd.obj</name>
      </input_file>
      <input_file id="fl-3">
         <path>.\</path>
         <kind>object</kind>
         <file>main.obj</file>
         <name>main.obj</name>
      </input_file>
      <input_file id="fl-4">
         <path>.\</path>
         <kind>object</kind>
         <file>space_ship.obj</file>
         <name>space_ship.obj</name>
      </input_file>
      <input_file id="fl-5">
         <path>.\</path>
         <kind>object</kind>
         <file>startup_msp432p401r_ccs.obj</file>
         <name>startup_msp432p401r_ccs.obj</name>
      </input_file>
      <input_file id="fl-6">
         <path>.\</path>
         <kind>object</kind>
         <file>system_msp432p401r.obj</file>
         <name>system_msp432p401r.obj</name>
      </input_file>
      <input_file id="fl-7">
         <path>.\</path>
         <kind>object</kind>
         <file>task_console.obj</file>
         <name>task_console.obj</name>
      </input_file>
      <input_file id="fl-8">
         <path>.\</path>
         <kind>object</kind>
         <file>task_joystick.obj</file>
         <name>task_joystick.obj</name>
      </input_file>
      <input_file id="fl-9">
         <path>.\</path>
         <kind>object</kind>
         <file>task_space_ship.obj</file>
         <name>task_space_ship.obj</name>
      </input_file>
      <input_file id="fl-a">
         <path>.\FreeRTOS\</path>
         <kind>object</kind>
         <file>croutine.obj</file>
         <name>croutine.obj</name>
      </input_file>
      <input_file id="fl-b">
         <path>.\FreeRTOS\</path>
         <kind>object</kind>
         <file>event_groups.obj</file>
         <name>event_groups.obj</name>
      </input_file>
      <input_file id="fl-c">
         <path>.\FreeRTOS\</path>
         <kind>object</kind>
         <file>heap_4.obj</file>
         <name>heap_4.obj</name>
      </input_file>
      <input_file id="fl-d">
         <path>.\FreeRTOS\</path>
         <kind>object</kind>
         <file>list.obj</file>
         <name>list.obj</name>
      </input_file>
      <input_file id="fl-e">
         <path>.\FreeRTOS\</path>
         <kind>object</kind>
         <file>queue.obj</file>
         <name>queue.obj</name>
      </input_file>
      <input_file id="fl-f">
         <path>.\FreeRTOS\</path>
         <kind>object</kind>
         <file>stream_buffer.obj</file>
         <name>stream_buffer.obj</name>
      </input_file>
      <input_file id="fl-10">
         <path>.\FreeRTOS\</path>
         <kind>object</kind>
         <file>tasks.obj</file>
         <name>tasks.obj</name>
      </input_file>
      <input_file id="fl-11">
         <path>.\FreeRTOS\</path>
         <kind>object</kind>
         <file>timers.obj</file>
         <name>timers.obj</name>
      </input_file>
      <input_file id="fl-12">
         <path>.\FreeRTOS\portable\</path>
         <kind>object</kind>
         <file>port.obj</file>
         <name>port.obj</name>
      </input_file>
      <input_file id="fl-13">
         <path>.\FreeRTOS\portable\</path>
         <kind>object</kind>
         <file>portasm.obj</file>
         <name>portasm.obj</name>
      </input_file>
      <input_file id="fl-17">
         <kind>object</kind>
         <file>&lt;internal&gt;</file>
         <name>&lt;internal&gt;</name>
      </input_file>
      <input_file id="fl-cd">
         <path>C:\ti\ccs\ccs\tools\compiler\ti-cgt-arm_20.2.2.LTS\lib\</path>
         <kind>archive</kind>
         <file>rtsv7M4_T_le_v4SPD16_eabi.lib</file>
         <name>printf.c.obj</name>
      </input_file>
      <input_file id="fl-ce">
         <path>C:\ti\ccs\ccs\tools\compiler\ti-cgt-arm_20.2.2.LTS\lib\</path>
         <kind>archive</kind>
         <file>rtsv7M4_T_le_v4SPD16_eabi.lib</file>
         <name>_printfi.c.obj</name>
      </input_file>
      <input_file id="fl-cf">
         <path>C:\ti\ccs\ccs\tools\compiler\ti-cgt-arm_20.2.2.LTS\lib\</path>
         <kind>archive</kind>
         <file>rtsv7M4_T_le_v4SPD16_eabi.lib</file>
         <name>fputs.c.obj</name>
      </input_file>
      <input_file id="fl-d0">
         <path>C:\ti\ccs\ccs\tools\compiler\ti-cgt-arm_20.2.2.LTS\lib\</path>
         <kind>archive</kind>
         <file>rtsv7M4_T_le_v4SPD16_eabi.lib</file>
         <name>_io_perm.c.obj</name>
      </input_file>
      <input_file id="fl-d1">
         <path>C:\ti\ccs\ccs\tools\compiler\ti-cgt-arm_20.2.2.LTS\lib\</path>
         <kind>archive</kind>
         <file>rtsv7M4_T_le_v4SPD16_eabi.lib</file>
         <name>setvbuf.c.obj</name>
      </input_file>
      <input_file id="fl-d2">
         <path>C:\ti\ccs\ccs\tools\compiler\ti-cgt-arm_20.2.2.LTS\lib\</path>
         <kind>archive</kind>
         <file>rtsv7M4_T_le_v4SPD16_eabi.lib</file>
         <name>fd_add_t2.asm.obj</name>
      </input_file>
      <input_file id="fl-d3">
         <path>C:\ti\ccs\ccs\tools\compiler\ti-cgt-arm_20.2.2.LTS\lib\</path>
         <kind>archive</kind>
         <file>rtsv7M4_T_le_v4SPD16_eabi.lib</file>
         <name>fd_cmp_t2.asm.obj</name>
      </input_file>
      <input_file id="fl-d4">
         <path>C:\ti\ccs\ccs\tools\compiler\ti-cgt-arm_20.2.2.LTS\lib\</path>
         <kind>archive</kind>
         <file>rtsv7M4_T_le_v4SPD16_eabi.lib</file>
         <name>fd_div_t2.asm.obj</name>
      </input_file>
      <input_file id="fl-d5">
         <path>C:\ti\ccs\ccs\tools\compiler\ti-cgt-arm_20.2.2.LTS\lib\</path>
         <kind>archive</kind>
         <file>rtsv7M4_T_le_v4SPD16_eabi.lib</file>
         <name>fd_mul_t2.asm.obj</name>
      </input_file>
      <input_file id="fl-d6">
         <path>C:\ti\ccs\ccs\tools\compiler\ti-cgt-arm_20.2.2.LTS\lib\</path>
         <kind>archive</kind>
         <file>rtsv7M4_T_le_v4SPD16_eabi.lib</file>
         <name>fd_toi_t2.asm.obj</name>
      </input_file>
      <input_file id="fl-d7">
         <path>C:\ti\ccs\ccs\tools\compiler\ti-cgt-arm_20.2.2.LTS\lib\</path>
         <kind>archive</kind>
         <file>rtsv7M4_T_le_v4SPD16_eabi.lib</file>
         <name>i_tofd_t2.asm.obj</name>
      </input_file>
      <input_file id="fl-d8">
         <path>C:\ti\ccs\ccs\tools\compiler\ti-cgt-arm_20.2.2.LTS\lib\</path>
         <kind>archive</kind>
         <file>rtsv7M4_T_le_v4SPD16_eabi.lib</file>
         <name>memcpy_t2.asm.obj</name>
      </input_file>
      <input_file id="fl-d9">
         <path>C:\ti\ccs\ccs\tools\compiler\ti-cgt-arm_20.2.2.LTS\lib\</path>
         <kind>archive</kind>
         <file>rtsv7M4_T_le_v4SPD16_eabi.lib</file>
         <name>ull_div_t2.asm.obj</name>
      </input_file>
      <input_file id="fl-da">
         <path>C:\ti\ccs\ccs\tools\compiler\ti-cgt-arm_20.2.2.LTS\lib\</path>
         <kind>archive</kind>
         <file>rtsv7M4_T_le_v4SPD16_eabi.lib</file>
         <name>memset_t2.asm.obj</name>
      </input_file>
      <input_file id="fl-db">
         <path>C:\ti\ccs\ccs\tools\compiler\ti-cgt-arm_20.2.2.LTS\lib\</path>
         <kind>archive</kind>
         <file>rtsv7M4_T_le_v4SPD16_eabi.lib</file>
         <name>copy_zero_init.c.obj</name>
      </input_file>
      <input_file id="fl-dc">
         <path>C:\ti\ccs\ccs\tools\compiler\ti-cgt-arm_20.2.2.LTS\lib\</path>
         <kind>archive</kind>
         <file>rtsv7M4_T_le_v4SPD16_eabi.lib</file>
         <name>copy_decompress_none.c.obj</name>
      </input_file>
      <input_file id="fl-dd">
         <path>C:\ti\ccs\ccs\tools\compiler\ti-cgt-arm_20.2.2.LTS\lib\</path>
         <kind>archive</kind>
         <file>rtsv7M4_T_le_v4SPD16_eabi.lib</file>
         <name>copy_decompress_lzss.c.obj</name>
      </input_file>
      <input_file id="fl-de">
         <path>C:\ti\ccs\ccs\tools\compiler\ti-cgt-arm_20.2.2.LTS\lib\</path>
         <kind>archive</kind>
         <file>rtsv7M4_T_le_v4SPD16_eabi.lib</file>
         <name>exit.c.obj</name>
      </input_file>
      <input_file id="fl-df">
         <path>C:\ti\ccs\ccs\tools\compiler\ti-cgt-arm_20.2.2.LTS\lib\</path>
         <kind>archive</kind>
         <file>rtsv7M4_T_le_v4SPD16_eabi.lib</file>
         <name>_lock.c.obj</name>
      </input_file>
      <input_file id="fl-e0">
         <path>C:\ti\ccs\ccs\tools\compiler\ti-cgt-arm_20.2.2.LTS\lib\</path>
         <kind>archive</kind>
         <file>rtsv7M4_T_le_v4SPD16_eabi.lib</file>
         <name>_ltoa.c.obj</name>
      </input_file>
      <input_file id="fl-e1">
         <path>C:\ti\ccs\ccs\tools\compiler\ti-cgt-arm_20.2.2.LTS\lib\</path>
         <kind>archive</kind>
         <file>rtsv7M4_T_le_v4SPD16_eabi.lib</file>
         <name>atoi.c.obj</name>
      </input_file>
      <input_file id="fl-e2">
         <path>C:\ti\ccs\ccs\tools\compiler\ti-cgt-arm_20.2.2.LTS\lib\</path>
         <kind>archive</kind>
         <file>rtsv7M4_T_le_v4SPD16_eabi.lib</file>
         <name>ctype.c.obj</name>
      </input_file>
      <input_file id="fl-e3">
         <path>C:\ti\ccs\ccs\tools\compiler\ti-cgt-arm_20.2.2.LTS\lib\</path>
         <kind>archive</kind>
         <file>rtsv7M4_T_le_v4SPD16_eabi.lib</file>
         <name>defs.c.obj</name>
      </input_file>
      <input_file id="fl-e4">
         <path>C:\ti\ccs\ccs\tools\compiler\ti-cgt-arm_20.2.2.LTS\lib\</path>
         <kind>archive</kind>
         <file>rtsv7M4_T_le_v4SPD16_eabi.lib</file>
         <name>memccpy.c.obj</name>
      </input_file>
      <input_file id="fl-e5">
         <path>C:\ti\ccs\ccs\tools\compiler\ti-cgt-arm_20.2.2.LTS\lib\</path>
         <kind>archive</kind>
         <file>rtsv7M4_T_le_v4SPD16_eabi.lib</file>
         <name>memchr.c.obj</name>
      </input_file>
      <input_file id="fl-e6">
         <path>C:\ti\ccs\ccs\tools\compiler\ti-cgt-arm_20.2.2.LTS\lib\</path>
         <kind>archive</kind>
         <file>rtsv7M4_T_le_v4SPD16_eabi.lib</file>
         <name>memory.c.obj</name>
      </input_file>
      <input_file id="fl-e7">
         <path>C:\ti\ccs\ccs\tools\compiler\ti-cgt-arm_20.2.2.LTS\lib\</path>
         <kind>archive</kind>
         <file>rtsv7M4_T_le_v4SPD16_eabi.lib</file>
         <name>strchr.c.obj</name>
      </input_file>
      <input_file id="fl-e8">
         <path>C:\ti\ccs\ccs\tools\compiler\ti-cgt-arm_20.2.2.LTS\lib\</path>
         <kind>archive</kind>
         <file>rtsv7M4_T_le_v4SPD16_eabi.lib</file>
         <name>strlen.c.obj</name>
      </input_file>
      <input_file id="fl-e9">
         <path>C:\ti\ccs\ccs\tools\compiler\ti-cgt-arm_20.2.2.LTS\lib\</path>
         <kind>archive</kind>
         <file>rtsv7M4_T_le_v4SPD16_eabi.lib</file>
         <name>write.c.obj</name>
      </input_file>
      <input_file id="fl-ea">
         <path>C:\ti\ccs\ccs\tools\compiler\ti-cgt-arm_20.2.2.LTS\lib\</path>
         <kind>archive</kind>
         <file>rtsv7M4_T_le_v4SPD16_eabi.lib</file>
         <name>host_device.c.obj</name>
      </input_file>
      <input_file id="fl-eb">
         <path>C:\ti\ccs\ccs\tools\compiler\ti-cgt-arm_20.2.2.LTS\lib\</path>
         <kind>archive</kind>
         <file>rtsv7M4_T_le_v4SPD16_eabi.lib</file>
         <name>boot_cortex_m.c.obj</name>
      </input_file>
      <input_file id="fl-ec">
         <path>C:\ti\ccs\ccs\tools\compiler\ti-cgt-arm_20.2.2.LTS\lib\</path>
         <kind>archive</kind>
         <file>rtsv7M4_T_le_v4SPD16_eabi.lib</file>
         <name>errno.c.obj</name>
      </input_file>
      <input_file id="fl-ed">
         <path>C:\ti\ccs\ccs\tools\compiler\ti-cgt-arm_20.2.2.LTS\lib\</path>
         <kind>archive</kind>
         <file>rtsv7M4_T_le_v4SPD16_eabi.lib</file>
         <name>s_frexp.c.obj</name>
      </input_file>
      <input_file id="fl-ee">
         <path>C:\ti\ccs\ccs\tools\compiler\ti-cgt-arm_20.2.2.LTS\lib\</path>
         <kind>archive</kind>
         <file>rtsv7M4_T_le_v4SPD16_eabi.lib</file>
         <name>s_scalbn.c.obj</name>
      </input_file>
      <input_file id="fl-ef">
         <path>C:\ti\ccs\ccs\tools\compiler\ti-cgt-arm_20.2.2.LTS\lib\</path>
         <kind>archive</kind>
         <file>rtsv7M4_T_le_v4SPD16_eabi.lib</file>
         <name>wcslen.c.obj</name>
      </input_file>
      <input_file id="fl-f0">
         <path>C:\ti\ccs\ccs\tools\compiler\ti-cgt-arm_20.2.2.LTS\lib\</path>
         <kind>archive</kind>
         <file>rtsv7M4_T_le_v4SPD16_eabi.lib</file>
         <name>s_copysign.c.obj</name>
      </input_file>
      <input_file id="fl-f1">
         <path>C:\ti\ccs\ccs\tools\compiler\ti-cgt-arm_20.2.2.LTS\lib\</path>
         <kind>archive</kind>
         <file>rtsv7M4_T_le_v4SPD16_eabi.lib</file>
         <name>fflush.c.obj</name>
      </input_file>
      <input_file id="fl-f2">
         <path>C:\ti\ccs\ccs\tools\compiler\ti-cgt-arm_20.2.2.LTS\lib\</path>
         <kind>archive</kind>
         <file>rtsv7M4_T_le_v4SPD16_eabi.lib</file>
         <name>fopen.c.obj</name>
      </input_file>
      <input_file id="fl-f3">
         <path>C:\ti\ccs\ccs\tools\compiler\ti-cgt-arm_20.2.2.LTS\lib\</path>
         <kind>archive</kind>
         <file>rtsv7M4_T_le_v4SPD16_eabi.lib</file>
         <name>fseek.c.obj</name>
      </input_file>
      <input_file id="fl-f4">
         <path>C:\ti\ccs\ccs\tools\compiler\ti-cgt-arm_20.2.2.LTS\lib\</path>
         <kind>archive</kind>
         <file>rtsv7M4_T_le_v4SPD16_eabi.lib</file>
         <name>div0.asm.obj</name>
      </input_file>
      <input_file id="fl-f5">
         <path>C:\ti\ccs\ccs\tools\compiler\ti-cgt-arm_20.2.2.LTS\lib\</path>
         <kind>archive</kind>
         <file>rtsv7M4_T_le_v4SPD16_eabi.lib</file>
         <name>autoinit.c.obj</name>
      </input_file>
      <input_file id="fl-f6">
         <path>C:\ti\ccs\ccs\tools\compiler\ti-cgt-arm_20.2.2.LTS\lib\</path>
         <kind>archive</kind>
         <file>rtsv7M4_T_le_v4SPD16_eabi.lib</file>
         <name>pre_init.c.obj</name>
      </input_file>
      <input_file id="fl-f7">
         <path>C:\ti\ccs\ccs\tools\compiler\ti-cgt-arm_20.2.2.LTS\lib\</path>
         <kind>archive</kind>
         <file>rtsv7M4_T_le_v4SPD16_eabi.lib</file>
         <name>cpy_tbl.c.obj</name>
      </input_file>
      <input_file id="fl-f8">
         <path>C:\ti\ccs\ccs\tools\compiler\ti-cgt-arm_20.2.2.LTS\lib\</path>
         <kind>archive</kind>
         <file>rtsv7M4_T_le_v4SPD16_eabi.lib</file>
         <name>args_main.c.obj</name>
      </input_file>
      <input_file id="fl-f9">
         <path>C:\ti\ccs\ccs\tools\compiler\ti-cgt-arm_20.2.2.LTS\lib\</path>
         <kind>archive</kind>
         <file>rtsv7M4_T_le_v4SPD16_eabi.lib</file>
         <name>hostclose.c.obj</name>
      </input_file>
      <input_file id="fl-fa">
         <path>C:\ti\ccs\ccs\tools\compiler\ti-cgt-arm_20.2.2.LTS\lib\</path>
         <kind>archive</kind>
         <file>rtsv7M4_T_le_v4SPD16_eabi.lib</file>
         <name>hostlseek.c.obj</name>
      </input_file>
      <input_file id="fl-fb">
         <path>C:\ti\ccs\ccs\tools\compiler\ti-cgt-arm_20.2.2.LTS\lib\</path>
         <kind>archive</kind>
         <file>rtsv7M4_T_le_v4SPD16_eabi.lib</file>
         <name>hostopen.c.obj</name>
      </input_file>
      <input_file id="fl-fc">
         <path>C:\ti\ccs\ccs\tools\compiler\ti-cgt-arm_20.2.2.LTS\lib\</path>
         <kind>archive</kind>
         <file>rtsv7M4_T_le_v4SPD16_eabi.lib</file>
         <name>hostread.c.obj</name>
      </input_file>
      <input_file id="fl-fd">
         <path>C:\ti\ccs\ccs\tools\compiler\ti-cgt-arm_20.2.2.LTS\lib\</path>
         <kind>archive</kind>
         <file>rtsv7M4_T_le_v4SPD16_eabi.lib</file>
         <name>hostrename.c.obj</name>
      </input_file>
      <input_file id="fl-fe">
         <path>C:\ti\ccs\ccs\tools\compiler\ti-cgt-arm_20.2.2.LTS\lib\</path>
         <kind>archive</kind>
         <file>rtsv7M4_T_le_v4SPD16_eabi.lib</file>
         <name>hostunlink.c.obj</name>
      </input_file>
      <input_file id="fl-ff">
         <path>C:\ti\ccs\ccs\tools\compiler\ti-cgt-arm_20.2.2.LTS\lib\</path>
         <kind>archive</kind>
         <file>rtsv7M4_T_le_v4SPD16_eabi.lib</file>
         <name>hostwrite.c.obj</name>
      </input_file>
      <input_file id="fl-100">
         <path>C:\ti\ccs\ccs\tools\compiler\ti-cgt-arm_20.2.2.LTS\lib\</path>
         <kind>archive</kind>
         <file>rtsv7M4_T_le_v4SPD16_eabi.lib</file>
         <name>trgmsg.c.obj</name>
      </input_file>
      <input_file id="fl-101">
         <path>C:\ti\ccs\ccs\tools\compiler\ti-cgt-arm_20.2.2.LTS\lib\</path>
         <kind>archive</kind>
         <file>rtsv7M4_T_le_v4SPD16_eabi.lib</file>
         <name>open.c.obj</name>
      </input_file>
      <input_file id="fl-102">
         <path>C:\ti\ccs\ccs\tools\compiler\ti-cgt-arm_20.2.2.LTS\lib\</path>
         <kind>archive</kind>
         <file>rtsv7M4_T_le_v4SPD16_eabi.lib</file>
         <name>lseek.c.obj</name>
      </input_file>
      <input_file id="fl-103">
         <path>C:\ti\ccs\ccs\tools\compiler\ti-cgt-arm_20.2.2.LTS\lib\</path>
         <kind>archive</kind>
         <file>rtsv7M4_T_le_v4SPD16_eabi.lib</file>
         <name>fclose.c.obj</name>
      </input_file>
      <input_file id="fl-104">
         <path>C:\ti\ccs\ccs\tools\compiler\ti-cgt-arm_20.2.2.LTS\lib\</path>
         <kind>archive</kind>
         <file>rtsv7M4_T_le_v4SPD16_eabi.lib</file>
         <name>getdevice.c.obj</name>
      </input_file>
      <input_file id="fl-105">
         <path>C:\ti\ccs\ccs\tools\compiler\ti-cgt-arm_20.2.2.LTS\lib\</path>
         <kind>archive</kind>
         <file>rtsv7M4_T_le_v4SPD16_eabi.lib</file>
         <name>strcmp.c.obj</name>
      </input_file>
      <input_file id="fl-106">
         <path>C:\ti\ccs\ccs\tools\compiler\ti-cgt-arm_20.2.2.LTS\lib\</path>
         <kind>archive</kind>
         <file>rtsv7M4_T_le_v4SPD16_eabi.lib</file>
         <name>strcpy.c.obj</name>
      </input_file>
      <input_file id="fl-107">
         <path>C:\ti\ccs\ccs\tools\compiler\ti-cgt-arm_20.2.2.LTS\lib\</path>
         <kind>archive</kind>
         <file>rtsv7M4_T_le_v4SPD16_eabi.lib</file>
         <name>strncpy.c.obj</name>
      </input_file>
      <input_file id="fl-108">
         <path>C:\ti\ccs\ccs\tools\compiler\ti-cgt-arm_20.2.2.LTS\lib\</path>
         <kind>archive</kind>
         <file>rtsv7M4_T_le_v4SPD16_eabi.lib</file>
         <name>remove.c.obj</name>
      </input_file>
      <input_file id="fl-109">
         <path>C:\ti\ccs\ccs\tools\compiler\ti-cgt-arm_20.2.2.LTS\lib\</path>
         <kind>archive</kind>
         <file>rtsv7M4_T_le_v4SPD16_eabi.lib</file>
         <name>close.c.obj</name>
      </input_file>
      <input_file id="fl-10a">
         <path>C:\ti\ccs\ccs\tools\compiler\ti-cgt-arm_20.2.2.LTS\lib\</path>
         <kind>archive</kind>
         <file>rtsv7M4_T_le_v4SPD16_eabi.lib</file>
         <name>unlink.c.obj</name>
      </input_file>
   </input_file_list>
   <object_component_list>
      <object_component id="oc-26">
         <name>.intvecs:retain</name>
         <load_address>0x0</load_address>
         <run_address>0x0</run_address>
         <size>0xe4</size>
         <input_file_ref idref="fl-5"/>
      </object_component>
      <object_component id="oc-d0">
         <name>.text</name>
         <load_address>0xe4</load_address>
         <run_address>0xe4</run_address>
         <size>0x20c4</size>
         <input_file_ref idref="fl-10"/>
      </object_component>
      <object_component id="oc-eb">
         <name>.text</name>
         <load_address>0x21a8</load_address>
         <run_address>0x21a8</run_address>
         <size>0x10f0</size>
         <input_file_ref idref="fl-e"/>
      </object_component>
      <object_component id="oc-1e4">
         <name>.text:__TI_printfi</name>
         <load_address>0x3298</load_address>
         <run_address>0x3298</run_address>
         <size>0xa4e</size>
         <input_file_ref idref="fl-ce"/>
      </object_component>
      <object_component id="oc-2ee">
         <name>.text:_nop</name>
         <load_address>0x3ce6</load_address>
         <run_address>0x3ce6</run_address>
         <size>0x2</size>
         <input_file_ref idref="fl-df"/>
      </object_component>
      <object_component id="oc-1b0">
         <name>.text</name>
         <load_address>0x3ce8</load_address>
         <run_address>0x3ce8</run_address>
         <size>0x7a4</size>
         <input_file_ref idref="fl-11"/>
      </object_component>
      <object_component id="oc-22c">
         <name>.text</name>
         <load_address>0x448c</load_address>
         <run_address>0x448c</run_address>
         <size>0x4f8</size>
         <input_file_ref idref="fl-2"/>
      </object_component>
      <object_component id="oc-75">
         <name>.text</name>
         <load_address>0x4984</load_address>
         <run_address>0x4984</run_address>
         <size>0x438</size>
         <input_file_ref idref="fl-12"/>
      </object_component>
      <object_component id="oc-198">
         <name>.text</name>
         <load_address>0x4dbc</load_address>
         <run_address>0x4dbc</run_address>
         <size>0x42c</size>
         <input_file_ref idref="fl-c"/>
      </object_component>
      <object_component id="oc-c3">
         <name>.text</name>
         <load_address>0x51e8</load_address>
         <run_address>0x51e8</run_address>
         <size>0x354</size>
         <input_file_ref idref="fl-6"/>
      </object_component>
      <object_component id="oc-7b">
         <name>.text</name>
         <load_address>0x553c</load_address>
         <run_address>0x553c</run_address>
         <size>0x2ac</size>
         <input_file_ref idref="fl-7"/>
      </object_component>
      <object_component id="oc-2ca">
         <name>.text:_pconv_a</name>
         <load_address>0x57e8</load_address>
         <run_address>0x57e8</run_address>
         <size>0x270</size>
         <input_file_ref idref="fl-ce"/>
      </object_component>
      <object_component id="oc-81">
         <name>.text</name>
         <load_address>0x5a58</load_address>
         <run_address>0x5a58</run_address>
         <size>0x1f0</size>
         <input_file_ref idref="fl-8"/>
      </object_component>
      <object_component id="oc-2b8">
         <name>.text:_pconv_g</name>
         <load_address>0x5c48</load_address>
         <run_address>0x5c48</run_address>
         <size>0x1d0</size>
         <input_file_ref idref="fl-ce"/>
      </object_component>
      <object_component id="oc-388">
         <name>.text</name>
         <load_address>0x5e18</load_address>
         <run_address>0x5e18</run_address>
         <size>0x1b6</size>
         <input_file_ref idref="fl-d2"/>
      </object_component>
      <object_component id="oc-40b">
         <name>.text</name>
         <load_address>0x5fce</load_address>
         <run_address>0x5fce</run_address>
         <size>0x2</size>
         <input_file_ref idref="fl-f4"/>
      </object_component>
      <object_component id="oc-b1">
         <name>.text</name>
         <load_address>0x5fd0</load_address>
         <run_address>0x5fd0</run_address>
         <size>0x160</size>
         <input_file_ref idref="fl-3"/>
      </object_component>
      <object_component id="oc-13d">
         <name>.text</name>
         <load_address>0x6130</load_address>
         <run_address>0x6130</run_address>
         <size>0x160</size>
         <input_file_ref idref="fl-9"/>
      </object_component>
      <object_component id="oc-2c4">
         <name>.text:_pconv_e</name>
         <load_address>0x6290</load_address>
         <run_address>0x6290</run_address>
         <size>0x13c</size>
         <input_file_ref idref="fl-ce"/>
      </object_component>
      <object_component id="oc-36e">
         <name>.text</name>
         <load_address>0x63cc</load_address>
         <run_address>0x63cc</run_address>
         <size>0x136</size>
         <input_file_ref idref="fl-d4"/>
      </object_component>
      <object_component id="oc-19e">
         <name>.text</name>
         <load_address>0x6502</load_address>
         <run_address>0x6502</run_address>
         <size>0x12a</size>
         <input_file_ref idref="fl-d"/>
      </object_component>
      <object_component id="oc-39a">
         <name>.text:fcvt</name>
         <load_address>0x662c</load_address>
         <run_address>0x662c</run_address>
         <size>0x124</size>
         <input_file_ref idref="fl-ce"/>
      </object_component>
      <object_component id="oc-2fc">
         <name>.text:fputs</name>
         <load_address>0x6750</load_address>
         <run_address>0x6750</run_address>
         <size>0x114</size>
         <input_file_ref idref="fl-cf"/>
      </object_component>
      <object_component id="oc-3ae">
         <name>.text:scalbn</name>
         <load_address>0x6864</load_address>
         <run_address>0x6864</run_address>
         <size>0x110</size>
         <input_file_ref idref="fl-ee"/>
      </object_component>
      <object_component id="oc-4b2">
         <name>.text:aligned_alloc</name>
         <load_address>0x6974</load_address>
         <run_address>0x6974</run_address>
         <size>0x100</size>
         <input_file_ref idref="fl-e6"/>
      </object_component>
      <object_component id="oc-369">
         <name>.text</name>
         <load_address>0x6a74</load_address>
         <run_address>0x6a74</run_address>
         <size>0xfc</size>
         <input_file_ref idref="fl-d5"/>
      </object_component>
      <object_component id="oc-470">
         <name>.text:free</name>
         <load_address>0x6b70</load_address>
         <run_address>0x6b70</run_address>
         <size>0xe4</size>
         <input_file_ref idref="fl-e6"/>
      </object_component>
      <object_component id="oc-446">
         <name>.text:setvbuf</name>
         <load_address>0x6c54</load_address>
         <run_address>0x6c54</run_address>
         <size>0xdc</size>
         <input_file_ref idref="fl-d1"/>
      </object_component>
      <object_component id="oc-70">
         <name>.text</name>
         <load_address>0x6d30</load_address>
         <run_address>0x6d30</run_address>
         <size>0xda</size>
         <input_file_ref idref="fl-13"/>
      </object_component>
      <object_component id="oc-2ad">
         <name>.text:_ltostr</name>
         <load_address>0x6e0c</load_address>
         <run_address>0x6e0c</run_address>
         <size>0xb1</size>
         <input_file_ref idref="fl-ce"/>
      </object_component>
      <object_component id="oc-3a">
         <name>.text</name>
         <load_address>0x6ebe</load_address>
         <run_address>0x6ebe</run_address>
         <size>0x9c</size>
         <input_file_ref idref="fl-d8"/>
      </object_component>
      <object_component id="oc-362">
         <name>.text</name>
         <load_address>0x6f5a</load_address>
         <run_address>0x6f5a</run_address>
         <size>0x96</size>
         <input_file_ref idref="fl-d9"/>
      </object_component>
      <object_component id="oc-2b3">
         <name>.text:__aeabi_cdcmple</name>
         <load_address>0x6ff0</load_address>
         <run_address>0x6ff0</run_address>
         <size>0x86</size>
         <input_file_ref idref="fl-d3"/>
      </object_component>
      <object_component id="oc-373">
         <name>.text:__aeabi_cdrcmple</name>
         <load_address>0x7076</load_address>
         <run_address>0x7076</run_address>
         <size>0x86</size>
         <input_file_ref idref="fl-d3"/>
      </object_component>
      <object_component id="oc-a5">
         <name>.text</name>
         <load_address>0x70fc</load_address>
         <run_address>0x70fc</run_address>
         <size>0x7a</size>
         <input_file_ref idref="fl-da"/>
      </object_component>
      <object_component id="oc-4b9">
         <name>.text:__TI_closefile</name>
         <load_address>0x7178</load_address>
         <run_address>0x7178</run_address>
         <size>0x74</size>
         <input_file_ref idref="fl-103"/>
      </object_component>
      <object_component id="oc-4fa">
         <name>.text:split</name>
         <load_address>0x71ec</load_address>
         <run_address>0x71ec</run_address>
         <size>0x70</size>
         <input_file_ref idref="fl-e6"/>
      </object_component>
      <object_component id="oc-393">
         <name>.text:_mcpy</name>
         <load_address>0x725c</load_address>
         <run_address>0x725c</run_address>
         <size>0x6e</size>
         <input_file_ref idref="fl-ce"/>
      </object_component>
      <object_component id="oc-4e9">
         <name>.text:HOSTrename</name>
         <load_address>0x72cc</load_address>
         <run_address>0x72cc</run_address>
         <size>0x6c</size>
         <input_file_ref idref="fl-fd"/>
      </object_component>
      <object_component id="oc-4dd">
         <name>.text:HOSTlseek</name>
         <load_address>0x7338</load_address>
         <run_address>0x7338</run_address>
         <size>0x68</size>
         <input_file_ref idref="fl-fa"/>
      </object_component>
      <object_component id="oc-17">
         <name>.text:decompress:lzss:__TI_decompress_lzss</name>
         <load_address>0x73a0</load_address>
         <run_address>0x73a0</run_address>
         <size>0x68</size>
         <input_file_ref idref="fl-dd"/>
      </object_component>
      <object_component id="oc-f1">
         <name>.text:printf</name>
         <load_address>0x7408</load_address>
         <run_address>0x7408</run_address>
         <size>0x68</size>
         <input_file_ref idref="fl-cd"/>
      </object_component>
      <object_component id="oc-3a8">
         <name>.text:frexp</name>
         <load_address>0x7470</load_address>
         <run_address>0x7470</run_address>
         <size>0x64</size>
         <input_file_ref idref="fl-ed"/>
      </object_component>
      <object_component id="oc-440">
         <name>.text:fseek</name>
         <load_address>0x74d4</load_address>
         <run_address>0x74d4</run_address>
         <size>0x64</size>
         <input_file_ref idref="fl-f3"/>
      </object_component>
      <object_component id="oc-3df">
         <name>.text:__TI_wrt_ok</name>
         <load_address>0x7538</load_address>
         <run_address>0x7538</run_address>
         <size>0x62</size>
         <input_file_ref idref="fl-d0"/>
      </object_component>
      <object_component id="oc-4c5">
         <name>.text:HOSTopen</name>
         <load_address>0x759c</load_address>
         <run_address>0x759c</run_address>
         <size>0x60</size>
         <input_file_ref idref="fl-fb"/>
      </object_component>
      <object_component id="oc-501">
         <name>.text:close</name>
         <load_address>0x75fc</load_address>
         <run_address>0x75fc</run_address>
         <size>0x5c</size>
         <input_file_ref idref="fl-109"/>
      </object_component>
      <object_component id="oc-4d1">
         <name>.text:HOSTread</name>
         <load_address>0x7658</load_address>
         <run_address>0x7658</run_address>
         <size>0x58</size>
         <input_file_ref idref="fl-fc"/>
      </object_component>
      <object_component id="oc-4d7">
         <name>.text:HOSTwrite</name>
         <load_address>0x76b0</load_address>
         <run_address>0x76b0</run_address>
         <size>0x58</size>
         <input_file_ref idref="fl-ff"/>
      </object_component>
      <object_component id="oc-2be">
         <name>.text:_pconv_f</name>
         <load_address>0x7708</load_address>
         <run_address>0x7708</run_address>
         <size>0x56</size>
         <input_file_ref idref="fl-ce"/>
      </object_component>
      <object_component id="oc-37d">
         <name>.text:__TI_ltoa</name>
         <load_address>0x775e</load_address>
         <run_address>0x775e</run_address>
         <size>0x54</size>
         <input_file_ref idref="fl-e0"/>
      </object_component>
      <object_component id="oc-38d">
         <name>.text:_ecpy</name>
         <load_address>0x77b2</load_address>
         <run_address>0x77b2</run_address>
         <size>0x52</size>
         <input_file_ref idref="fl-ce"/>
      </object_component>
      <object_component id="oc-3eb">
         <name>.text:__TI_doflush</name>
         <load_address>0x7804</load_address>
         <run_address>0x7804</run_address>
         <size>0x4c</size>
         <input_file_ref idref="fl-f1"/>
      </object_component>
      <object_component id="oc-f7">
         <name>.text:atoi</name>
         <load_address>0x7850</load_address>
         <run_address>0x7850</run_address>
         <size>0x4c</size>
         <input_file_ref idref="fl-e1"/>
      </object_component>
      <object_component id="oc-152">
         <name>.text:exit</name>
         <load_address>0x789c</load_address>
         <run_address>0x789c</run_address>
         <size>0x48</size>
         <input_file_ref idref="fl-de"/>
      </object_component>
      <object_component id="oc-378">
         <name>.text</name>
         <load_address>0x78e4</load_address>
         <run_address>0x78e4</run_address>
         <size>0x48</size>
         <input_file_ref idref="fl-d6"/>
      </object_component>
      <object_component id="oc-4cb">
         <name>.text:HOSTclose</name>
         <load_address>0x792c</load_address>
         <run_address>0x792c</run_address>
         <size>0x44</size>
         <input_file_ref idref="fl-f9"/>
      </object_component>
      <object_component id="oc-4e3">
         <name>.text:HOSTunlink</name>
         <load_address>0x7970</load_address>
         <run_address>0x7970</run_address>
         <size>0x44</size>
         <input_file_ref idref="fl-fe"/>
      </object_component>
      <object_component id="oc-158">
         <name>.text:__TI_auto_init_nobinit_nopinit:__TI_auto_init_nobinit_nopinit</name>
         <load_address>0x79b4</load_address>
         <run_address>0x79b4</run_address>
         <size>0x44</size>
         <input_file_ref idref="fl-f5"/>
      </object_component>
      <object_component id="oc-539">
         <name>.text:getdevice</name>
         <load_address>0x79f8</load_address>
         <run_address>0x79f8</run_address>
         <size>0x44</size>
         <input_file_ref idref="fl-104"/>
      </object_component>
      <object_component id="oc-3a0">
         <name>.text:_fcpy</name>
         <load_address>0x7a3c</load_address>
         <run_address>0x7a3c</run_address>
         <size>0x3e</size>
         <input_file_ref idref="fl-ce"/>
      </object_component>
      <object_component id="oc-512">
         <name>.text:__TI_writemsg</name>
         <load_address>0x7a7c</load_address>
         <run_address>0x7a7c</run_address>
         <size>0x38</size>
         <input_file_ref idref="fl-100"/>
      </object_component>
      <object_component id="oc-55b">
         <name>.text:strncpy</name>
         <load_address>0x7ab4</load_address>
         <run_address>0x7ab4</run_address>
         <size>0x36</size>
         <input_file_ref idref="fl-107"/>
      </object_component>
      <object_component id="oc-47c">
         <name>.text:__TI_cleanup</name>
         <load_address>0x7aec</load_address>
         <run_address>0x7aec</run_address>
         <size>0x34</size>
         <input_file_ref idref="fl-f2"/>
      </object_component>
      <object_component id="oc-518">
         <name>.text:__TI_readmsg</name>
         <load_address>0x7b20</load_address>
         <run_address>0x7b20</run_address>
         <size>0x34</size>
         <input_file_ref idref="fl-100"/>
      </object_component>
      <object_component id="oc-58">
         <name>.text:_c_int00_noargs:_c_int00_noargs</name>
         <load_address>0x7b54</load_address>
         <run_address>0x7b54</run_address>
         <size>0x34</size>
         <input_file_ref idref="fl-eb"/>
      </object_component>
      <object_component id="oc-561">
         <name>.text:finddevice</name>
         <load_address>0x7b88</load_address>
         <run_address>0x7b88</run_address>
         <size>0x30</size>
         <input_file_ref idref="fl-104"/>
      </object_component>
      <object_component id="oc-383">
         <name>.text</name>
         <load_address>0x7bb8</load_address>
         <run_address>0x7bb8</run_address>
         <size>0x2e</size>
         <input_file_ref idref="fl-d7"/>
      </object_component>
      <object_component id="oc-507">
         <name>.text:unlink</name>
         <load_address>0x7be8</load_address>
         <run_address>0x7be8</run_address>
         <size>0x2c</size>
         <input_file_ref idref="fl-10a"/>
      </object_component>
      <object_component id="oc-4ab">
         <name>.text:free_list_insert</name>
         <load_address>0x7c14</load_address>
         <run_address>0x7c14</run_address>
         <size>0x28</size>
         <input_file_ref idref="fl-e6"/>
      </object_component>
      <object_component id="oc-468">
         <name>.text:lseek</name>
         <load_address>0x7c3c</load_address>
         <run_address>0x7c3c</run_address>
         <size>0x28</size>
         <input_file_ref idref="fl-102"/>
      </object_component>
      <object_component id="oc-3f1">
         <name>.text:write</name>
         <load_address>0x7c64</load_address>
         <run_address>0x7c64</run_address>
         <size>0x28</size>
         <input_file_ref idref="fl-e9"/>
      </object_component>
      <object_component id="oc-3e5">
         <name>.text:memchr</name>
         <load_address>0x7c8c</load_address>
         <run_address>0x7c8c</run_address>
         <size>0x20</size>
         <input_file_ref idref="fl-e5"/>
      </object_component>
      <object_component id="oc-4a5">
         <name>.text:free_list_remove</name>
         <load_address>0x7cac</load_address>
         <run_address>0x7cac</run_address>
         <size>0x1c</size>
         <input_file_ref idref="fl-e6"/>
      </object_component>
      <object_component id="oc-2d0">
         <name>.text:memccpy</name>
         <load_address>0x7cc8</load_address>
         <run_address>0x7cc8</run_address>
         <size>0x1c</size>
         <input_file_ref idref="fl-e4"/>
      </object_component>
      <object_component id="oc-424">
         <name>.text:copysign</name>
         <load_address>0x7ce4</load_address>
         <run_address>0x7ce4</run_address>
         <size>0x1a</size>
         <input_file_ref idref="fl-f0"/>
      </object_component>
      <object_component id="oc-578">
         <name>.text:strcmp</name>
         <load_address>0x7cfe</load_address>
         <run_address>0x7cfe</run_address>
         <size>0x18</size>
         <input_file_ref idref="fl-105"/>
      </object_component>
      <object_component id="oc-3b4">
         <name>.text:strchr</name>
         <load_address>0x7d16</load_address>
         <run_address>0x7d16</run_address>
         <size>0x16</size>
         <input_file_ref idref="fl-e7"/>
      </object_component>
      <object_component id="oc-52c">
         <name>.text:strcpy</name>
         <load_address>0x7d2c</load_address>
         <run_address>0x7d2c</run_address>
         <size>0x14</size>
         <input_file_ref idref="fl-106"/>
      </object_component>
      <object_component id="oc-2a7">
         <name>.text:strlen</name>
         <load_address>0x7d40</load_address>
         <run_address>0x7d40</run_address>
         <size>0x14</size>
         <input_file_ref idref="fl-e8"/>
      </object_component>
      <object_component id="oc-2d6">
         <name>.text:wcslen</name>
         <load_address>0x7d54</load_address>
         <run_address>0x7d54</run_address>
         <size>0x12</size>
         <input_file_ref idref="fl-ef"/>
      </object_component>
      <object_component id="oc-1d">
         <name>.text:decompress:none:__TI_decompress_none</name>
         <load_address>0x7d66</load_address>
         <run_address>0x7d66</run_address>
         <size>0xe</size>
         <input_file_ref idref="fl-dc"/>
      </object_component>
      <object_component id="oc-6a">
         <name>.text</name>
         <load_address>0x7d74</load_address>
         <run_address>0x7d74</run_address>
         <size>0xe</size>
         <input_file_ref idref="fl-5"/>
      </object_component>
      <object_component id="oc-4c">
         <name>.text:decompress:ZI:__TI_zero_init</name>
         <load_address>0x7d82</load_address>
         <run_address>0x7d82</run_address>
         <size>0xc</size>
         <input_file_ref idref="fl-db"/>
      </object_component>
      <object_component id="oc-2dc">
         <name>.text:__aeabi_errno_addr</name>
         <load_address>0x7d90</load_address>
         <run_address>0x7d90</run_address>
         <size>0x8</size>
         <input_file_ref idref="fl-ec"/>
      </object_component>
      <object_component id="oc-476">
         <name>.text:malloc</name>
         <load_address>0x7d98</load_address>
         <run_address>0x7d98</run_address>
         <size>0x8</size>
         <input_file_ref idref="fl-e6"/>
      </object_component>
      <object_component id="oc-1f6">
         <name>.text:_outc</name>
         <load_address>0x7da0</load_address>
         <run_address>0x7da0</run_address>
         <size>0x4</size>
         <input_file_ref idref="fl-cd"/>
      </object_component>
      <object_component id="oc-1f0">
         <name>.text:_outs</name>
         <load_address>0x7da4</load_address>
         <run_address>0x7da4</run_address>
         <size>0x4</size>
         <input_file_ref idref="fl-cd"/>
      </object_component>
      <object_component id="oc-ab">
         <name>.text:_system_pre_init</name>
         <load_address>0x7da8</load_address>
         <run_address>0x7da8</run_address>
         <size>0x4</size>
         <input_file_ref idref="fl-f6"/>
      </object_component>
      <object_component id="oc-14c">
         <name>.text:abort:abort</name>
         <load_address>0x7dac</load_address>
         <run_address>0x7dac</run_address>
         <size>0x4</size>
         <input_file_ref idref="fl-de"/>
      </object_component>
      <object_component id="oc-203">
         <name>.const:.string:_ctypes_</name>
         <load_address>0x7db0</load_address>
         <run_address>0x7db0</run_address>
         <size>0x101</size>
         <input_file_ref idref="fl-e2"/>
      </object_component>
      <object_component id="oc-235">
         <name>.const:.string:space_shipBitmaps</name>
         <load_address>0x7eb1</load_address>
         <run_address>0x7eb1</run_address>
         <size>0xfc</size>
         <input_file_ref idref="fl-4"/>
      </object_component>
      <object_component id="oc-232">
         <name>.const</name>
         <load_address>0x7fad</load_address>
         <run_address>0x7fad</run_address>
         <size>0x2</size>
         <input_file_ref idref="fl-4"/>
      </object_component>
      <object_component id="oc-cd">
         <name>.const</name>
         <load_address>0x7fb0</load_address>
         <run_address>0x7fb0</run_address>
         <size>0x8</size>
         <input_file_ref idref="fl-12"/>
      </object_component>
      <object_component id="oc-5b8">
         <name>.cinit..data.load</name>
         <load_address>0x7fb8</load_address>
         <run_address>0x7fb8</run_address>
         <size>0x7a</size>
      </object_component>
      <object_component id="oc-5b6">
         <name>__TI_handler_table</name>
         <load_address>0x8034</load_address>
         <run_address>0x8034</run_address>
         <size>0xc</size>
      </object_component>
      <object_component id="oc-5b9">
         <name>.cinit..bss.load</name>
         <load_address>0x8040</load_address>
         <run_address>0x8040</run_address>
         <size>0x8</size>
      </object_component>
      <object_component id="oc-5b7">
         <name>__TI_cinit_table</name>
         <load_address>0x8048</load_address>
         <run_address>0x8048</run_address>
         <size>0x10</size>
      </object_component>
      <object_component id="oc-58a">
         <name>.binit</name>
         <load_address>0x0</load_address>
         <run_address>0x0</run_address>
         <size>0x0</size>
      </object_component>
      <object_component id="oc-18a">
         <name>.data</name>
         <load_address>0x200089b8</load_address>
         <run_address>0x200089b8</run_address>
         <size>0x4</size>
         <input_file_ref idref="fl-6"/>
      </object_component>
      <object_component id="oc-101">
         <name>.data</name>
         <load_address>0x200089bc</load_address>
         <run_address>0x200089bc</run_address>
         <size>0x2</size>
         <input_file_ref idref="fl-7"/>
      </object_component>
      <object_component id="oc-113">
         <name>.data</name>
         <load_address>0x200089ac</load_address>
         <run_address>0x200089ac</run_address>
         <size>0x8</size>
         <input_file_ref idref="fl-8"/>
      </object_component>
      <object_component id="oc-26b">
         <name>.data</name>
         <load_address>0x20008944</load_address>
         <run_address>0x20008944</run_address>
         <size>0x18</size>
         <input_file_ref idref="fl-c"/>
      </object_component>
      <object_component id="oc-ca">
         <name>.data</name>
         <load_address>0x20008910</load_address>
         <run_address>0x20008910</run_address>
         <size>0x34</size>
         <input_file_ref idref="fl-10"/>
      </object_component>
      <object_component id="oc-280">
         <name>.data</name>
         <load_address>0x20008990</load_address>
         <run_address>0x20008990</run_address>
         <size>0xc</size>
         <input_file_ref idref="fl-11"/>
      </object_component>
      <object_component id="oc-d7">
         <name>.data</name>
         <load_address>0x2000895c</load_address>
         <run_address>0x2000895c</run_address>
         <size>0x18</size>
         <input_file_ref idref="fl-12"/>
      </object_component>
      <object_component id="oc-23c">
         <name>.data:$O1$$</name>
         <load_address>0x20008984</load_address>
         <run_address>0x20008984</run_address>
         <size>0xc</size>
         <input_file_ref idref="fl-de"/>
      </object_component>
      <object_component id="oc-1ea">
         <name>.data:$O1$$</name>
         <load_address>0x2000899c</load_address>
         <run_address>0x2000899c</run_address>
         <size>0x8</size>
         <input_file_ref idref="fl-df"/>
      </object_component>
      <object_component id="oc-1ed">
         <name>.data:_ftable</name>
         <load_address>0x20008758</load_address>
         <run_address>0x20008758</run_address>
         <size>0xf0</size>
         <input_file_ref idref="fl-e3"/>
      </object_component>
      <object_component id="oc-4bf">
         <name>.data</name>
         <load_address>0x20008974</load_address>
         <run_address>0x20008974</run_address>
         <size>0x10</size>
         <input_file_ref idref="fl-e3"/>
      </object_component>
      <object_component id="oc-4f5">
         <name>.data:$O1$$</name>
         <load_address>0x200089a4</load_address>
         <run_address>0x200089a4</run_address>
         <size>0x8</size>
         <input_file_ref idref="fl-e6"/>
      </object_component>
      <object_component id="oc-48f">
         <name>.data:_device</name>
         <load_address>0x20008848</load_address>
         <run_address>0x20008848</run_address>
         <size>0x78</size>
         <input_file_ref idref="fl-ea"/>
      </object_component>
      <object_component id="oc-452">
         <name>.data:_stream</name>
         <load_address>0x200088c0</load_address>
         <run_address>0x200088c0</run_address>
         <size>0x50</size>
         <input_file_ref idref="fl-ea"/>
      </object_component>
      <object_component id="oc-3c4">
         <name>.data</name>
         <load_address>0x200089b4</load_address>
         <run_address>0x200089b4</run_address>
         <size>0x4</size>
         <input_file_ref idref="fl-ec"/>
      </object_component>
      <object_component id="oc-271">
         <name>.bss:ucHeap</name>
         <uninitialized>true</uninitialized>
         <run_address>0x20000000</run_address>
         <size>0x8000</size>
         <input_file_ref idref="fl-c"/>
      </object_component>
      <object_component id="oc-26e">
         <name>.bss:xStart</name>
         <uninitialized>true</uninitialized>
         <run_address>0x20008330</run_address>
         <size>0x8</size>
         <input_file_ref idref="fl-c"/>
      </object_component>
      <object_component id="oc-1a4">
         <name>.bss:pxReadyTasksLists</name>
         <uninitialized>true</uninitialized>
         <run_address>0x20008120</run_address>
         <size>0xc8</size>
         <input_file_ref idref="fl-10"/>
      </object_component>
      <object_component id="oc-1b9">
         <name>.bss:xDelayedTaskList1</name>
         <uninitialized>true</uninitialized>
         <run_address>0x200082b0</run_address>
         <size>0x14</size>
         <input_file_ref idref="fl-10"/>
      </object_component>
      <object_component id="oc-1bc">
         <name>.bss:xDelayedTaskList2</name>
         <uninitialized>true</uninitialized>
         <run_address>0x200082c4</run_address>
         <size>0x14</size>
         <input_file_ref idref="fl-10"/>
      </object_component>
      <object_component id="oc-1aa">
         <name>.bss</name>
         <uninitialized>true</uninitialized>
         <run_address>0x20008320</run_address>
         <size>0x8</size>
         <input_file_ref idref="fl-10"/>
      </object_component>
      <object_component id="oc-1b6">
         <name>.bss:xPendingReadyList</name>
         <uninitialized>true</uninitialized>
         <run_address>0x200082d8</run_address>
         <size>0x14</size>
         <input_file_ref idref="fl-10"/>
      </object_component>
      <object_component id="oc-1a7">
         <name>.bss:xTasksWaitingTermination</name>
         <uninitialized>true</uninitialized>
         <run_address>0x20008300</run_address>
         <size>0x14</size>
         <input_file_ref idref="fl-10"/>
      </object_component>
      <object_component id="oc-1ad">
         <name>.bss:xSuspendedTaskList</name>
         <uninitialized>true</uninitialized>
         <run_address>0x200082ec</run_address>
         <size>0x14</size>
         <input_file_ref idref="fl-10"/>
      </object_component>
      <object_component id="oc-286">
         <name>.bss:xActiveTimerList1</name>
         <uninitialized>true</uninitialized>
         <run_address>0x20008288</run_address>
         <size>0x14</size>
         <input_file_ref idref="fl-11"/>
      </object_component>
      <object_component id="oc-289">
         <name>.bss:xActiveTimerList2</name>
         <uninitialized>true</uninitialized>
         <run_address>0x2000829c</run_address>
         <size>0x14</size>
         <input_file_ref idref="fl-11"/>
      </object_component>
      <object_component id="oc-283">
         <name>.bss</name>
         <uninitialized>true</uninitialized>
         <run_address>0x20008328</run_address>
         <size>0x8</size>
         <input_file_ref idref="fl-11"/>
      </object_component>
      <object_component id="oc-543">
         <name>.bss:_CIOBUF_</name>
         <uninitialized>true</uninitialized>
         <run_address>0x20008000</run_address>
         <size>0x120</size>
         <input_file_ref idref="fl-100"/>
      </object_component>
      <object_component id="oc-104">
         <name>.common:Task_Console_Handle</name>
         <uninitialized>true</uninitialized>
         <run_address>0x20008348</run_address>
         <size>0x4</size>
      </object_component>
      <object_component id="oc-100">
         <name>.common:Sem_Console</name>
         <uninitialized>true</uninitialized>
         <run_address>0x20008344</run_address>
         <size>0x4</size>
      </object_component>
      <object_component id="oc-fd">
         <name>.common:RX_ARRAY</name>
         <uninitialized>true</uninitialized>
         <run_address>0x20008314</run_address>
         <size>0xc</size>
      </object_component>
      <object_component id="oc-116">
         <name>.common:Task_Joystick_Handle</name>
         <uninitialized>true</uninitialized>
         <run_address>0x2000834c</run_address>
         <size>0x4</size>
      </object_component>
      <object_component id="oc-144">
         <name>.common:Task_Joystick_Timer_Handle</name>
         <uninitialized>true</uninitialized>
         <run_address>0x20008350</run_address>
         <size>0x4</size>
      </object_component>
      <object_component id="oc-143">
         <name>.common:Task_Space_Ship_Handle</name>
         <uninitialized>true</uninitialized>
         <run_address>0x20008354</run_address>
         <size>0x4</size>
      </object_component>
      <object_component id="oc-105">
         <name>.common:Queue_Space_Ship</name>
         <uninitialized>true</uninitialized>
         <run_address>0x20008340</run_address>
         <size>0x4</size>
      </object_component>
      <object_component id="oc-50d">
         <name>.common:__TI_tmpnams</name>
         <uninitialized>true</uninitialized>
         <run_address>0x200081e8</run_address>
         <size>0xa0</size>
      </object_component>
      <object_component id="oc-51e">
         <name>.common:parmbuf</name>
         <uninitialized>true</uninitialized>
         <run_address>0x20008338</run_address>
         <size>0x8</size>
      </object_component>
      <object_component id="oc-29">
         <name>.sysmem</name>
         <uninitialized>true</uninitialized>
         <run_address>0x20008358</run_address>
         <size>0x10</size>
         <input_file_ref idref="fl-e6"/>
      </object_component>
      <object_component id="oc-5bc">
         <name>.sysmem</name>
         <uninitialized>true</uninitialized>
         <run_address>0x20008358</run_address>
         <size>0x0</size>
      </object_component>
      <object_component id="oc-2c">
         <name>.stack</name>
         <uninitialized>true</uninitialized>
         <run_address>0x2000fe00</run_address>
         <size>0x4</size>
         <input_file_ref idref="fl-eb"/>
      </object_component>
      <object_component id="oc-5bb">
         <name>.stack</name>
         <uninitialized>true</uninitialized>
         <run_address>0x2000fe00</run_address>
         <size>0x0</size>
      </object_component>
      <object_component id="oc-227">
         <name>.debug_info</name>
         <load_address>0x0</load_address>
         <run_address>0x0</run_address>
         <size>0x536</size>
         <input_file_ref idref="fl-2"/>
      </object_component>
      <object_component id="oc-230">
         <name>.debug_info</name>
         <load_address>0x536</load_address>
         <run_address>0x536</run_address>
         <size>0xbc7</size>
         <input_file_ref idref="fl-2"/>
      </object_component>
      <object_component id="oc-10e">
         <name>.debug_info</name>
         <load_address>0x10fd</load_address>
         <run_address>0x10fd</run_address>
         <size>0x37e2</size>
         <input_file_ref idref="fl-2"/>
      </object_component>
      <object_component id="oc-11c">
         <name>.debug_info</name>
         <load_address>0x48df</load_address>
         <run_address>0x48df</run_address>
         <size>0x26b</size>
         <input_file_ref idref="fl-2"/>
      </object_component>
      <object_component id="oc-20a">
         <name>.debug_info</name>
         <load_address>0x4b4a</load_address>
         <run_address>0x4b4a</run_address>
         <size>0x1055</size>
         <input_file_ref idref="fl-2"/>
      </object_component>
      <object_component id="oc-35">
         <name>.debug_info</name>
         <load_address>0x5b9f</load_address>
         <run_address>0x5b9f</run_address>
         <size>0x84</size>
         <input_file_ref idref="fl-2"/>
      </object_component>
      <object_component id="oc-1d3">
         <name>.debug_info</name>
         <load_address>0x5c23</load_address>
         <run_address>0x5c23</run_address>
         <size>0x2a4</size>
         <input_file_ref idref="fl-2"/>
      </object_component>
      <object_component id="oc-e6">
         <name>.debug_info</name>
         <load_address>0x5ec7</load_address>
         <run_address>0x5ec7</run_address>
         <size>0xbb</size>
         <input_file_ref idref="fl-2"/>
      </object_component>
      <object_component id="oc-14b">
         <name>.debug_info</name>
         <load_address>0x5f82</load_address>
         <run_address>0x5f82</run_address>
         <size>0x987</size>
         <input_file_ref idref="fl-3"/>
      </object_component>
      <object_component id="oc-b2">
         <name>.debug_info</name>
         <load_address>0x6909</load_address>
         <run_address>0x6909</run_address>
         <size>0x311</size>
         <input_file_ref idref="fl-3"/>
      </object_component>
      <object_component id="oc-109">
         <name>.debug_info</name>
         <load_address>0x6c1a</load_address>
         <run_address>0x6c1a</run_address>
         <size>0xab</size>
         <input_file_ref idref="fl-3"/>
      </object_component>
      <object_component id="oc-146">
         <name>.debug_info</name>
         <load_address>0x6cc5</load_address>
         <run_address>0x6cc5</run_address>
         <size>0x315</size>
         <input_file_ref idref="fl-3"/>
      </object_component>
      <object_component id="oc-219">
         <name>.debug_info</name>
         <load_address>0x6fda</load_address>
         <run_address>0x6fda</run_address>
         <size>0x48b</size>
         <input_file_ref idref="fl-3"/>
      </object_component>
      <object_component id="oc-20f">
         <name>.debug_info</name>
         <load_address>0x7465</load_address>
         <run_address>0x7465</run_address>
         <size>0x4f</size>
         <input_file_ref idref="fl-3"/>
      </object_component>
      <object_component id="oc-21e">
         <name>.debug_info</name>
         <load_address>0x74b4</load_address>
         <run_address>0x74b4</run_address>
         <size>0x2c</size>
         <input_file_ref idref="fl-3"/>
      </object_component>
      <object_component id="oc-dc">
         <name>.debug_info</name>
         <load_address>0x74e0</load_address>
         <run_address>0x74e0</run_address>
         <size>0x2c</size>
         <input_file_ref idref="fl-3"/>
      </object_component>
      <object_component id="oc-e1">
         <name>.debug_info</name>
         <load_address>0x750c</load_address>
         <run_address>0x750c</run_address>
         <size>0x53</size>
         <input_file_ref idref="fl-3"/>
      </object_component>
      <object_component id="oc-214">
         <name>.debug_info</name>
         <load_address>0x755f</load_address>
         <run_address>0x755f</run_address>
         <size>0xcc</size>
         <input_file_ref idref="fl-3"/>
      </object_component>
      <object_component id="oc-1fe">
         <name>.debug_info</name>
         <load_address>0x762b</load_address>
         <run_address>0x762b</run_address>
         <size>0x2c</size>
         <input_file_ref idref="fl-3"/>
      </object_component>
      <object_component id="oc-1c9">
         <name>.debug_info</name>
         <load_address>0x7657</load_address>
         <run_address>0x7657</run_address>
         <size>0x14c</size>
         <input_file_ref idref="fl-3"/>
      </object_component>
      <object_component id="oc-315">
         <name>.debug_info</name>
         <load_address>0x77a3</load_address>
         <run_address>0x77a3</run_address>
         <size>0xdf</size>
         <input_file_ref idref="fl-4"/>
      </object_component>
      <object_component id="oc-236">
         <name>.debug_info</name>
         <load_address>0x7882</load_address>
         <run_address>0x7882</run_address>
         <size>0xed</size>
         <input_file_ref idref="fl-4"/>
      </object_component>
      <object_component id="oc-233">
         <name>.debug_info</name>
         <load_address>0x796f</load_address>
         <run_address>0x796f</run_address>
         <size>0x132</size>
         <input_file_ref idref="fl-4"/>
      </object_component>
      <object_component id="oc-89">
         <name>.debug_info</name>
         <load_address>0x7aa1</load_address>
         <run_address>0x7aa1</run_address>
         <size>0x34c</size>
         <input_file_ref idref="fl-5"/>
      </object_component>
      <object_component id="oc-27">
         <name>.debug_info</name>
         <load_address>0x7ded</load_address>
         <run_address>0x7ded</run_address>
         <size>0xf8</size>
         <input_file_ref idref="fl-5"/>
      </object_component>
      <object_component id="oc-6b">
         <name>.debug_info</name>
         <load_address>0x7ee5</load_address>
         <run_address>0x7ee5</run_address>
         <size>0x1bf</size>
         <input_file_ref idref="fl-5"/>
      </object_component>
      <object_component id="oc-18b">
         <name>.debug_info</name>
         <load_address>0x80a4</load_address>
         <run_address>0x80a4</run_address>
         <size>0xf1</size>
         <input_file_ref idref="fl-6"/>
      </object_component>
      <object_component id="oc-c6">
         <name>.debug_info</name>
         <load_address>0x8195</load_address>
         <run_address>0x8195</run_address>
         <size>0x263</size>
         <input_file_ref idref="fl-6"/>
      </object_component>
      <object_component id="oc-fe">
         <name>.debug_info</name>
         <load_address>0x83f8</load_address>
         <run_address>0x83f8</run_address>
         <size>0x918</size>
         <input_file_ref idref="fl-7"/>
      </object_component>
      <object_component id="oc-102">
         <name>.debug_info</name>
         <load_address>0x8d10</load_address>
         <run_address>0x8d10</run_address>
         <size>0xdd</size>
         <input_file_ref idref="fl-7"/>
      </object_component>
      <object_component id="oc-7c">
         <name>.debug_info</name>
         <load_address>0x8ded</load_address>
         <run_address>0x8ded</run_address>
         <size>0x661</size>
         <input_file_ref idref="fl-7"/>
      </object_component>
      <object_component id="oc-117">
         <name>.debug_info</name>
         <load_address>0x944e</load_address>
         <run_address>0x944e</run_address>
         <size>0x85a</size>
         <input_file_ref idref="fl-8"/>
      </object_component>
      <object_component id="oc-114">
         <name>.debug_info</name>
         <load_address>0x9ca8</load_address>
         <run_address>0x9ca8</run_address>
         <size>0x117</size>
         <input_file_ref idref="fl-8"/>
      </object_component>
      <object_component id="oc-82">
         <name>.debug_info</name>
         <load_address>0x9dbf</load_address>
         <run_address>0x9dbf</run_address>
         <size>0x5a3</size>
         <input_file_ref idref="fl-8"/>
      </object_component>
      <object_component id="oc-106">
         <name>.debug_info</name>
         <load_address>0xa362</load_address>
         <run_address>0xa362</run_address>
         <size>0x8e5</size>
         <input_file_ref idref="fl-9"/>
      </object_component>
      <object_component id="oc-13f">
         <name>.debug_info</name>
         <load_address>0xac47</load_address>
         <run_address>0xac47</run_address>
         <size>0x2a0</size>
         <input_file_ref idref="fl-9"/>
      </object_component>
      <object_component id="oc-29e">
         <name>.debug_info</name>
         <load_address>0xaee7</load_address>
         <run_address>0xaee7</run_address>
         <size>0x27c</size>
         <input_file_ref idref="fl-a"/>
      </object_component>
      <object_component id="oc-1ce">
         <name>.debug_info</name>
         <load_address>0xb163</load_address>
         <run_address>0xb163</run_address>
         <size>0x48b</size>
         <input_file_ref idref="fl-a"/>
      </object_component>
      <object_component id="oc-34f">
         <name>.debug_info</name>
         <load_address>0xb5ee</load_address>
         <run_address>0xb5ee</run_address>
         <size>0xcc</size>
         <input_file_ref idref="fl-a"/>
      </object_component>
      <object_component id="oc-1c4">
         <name>.debug_info</name>
         <load_address>0xb6ba</load_address>
         <run_address>0xb6ba</run_address>
         <size>0x53</size>
         <input_file_ref idref="fl-a"/>
      </object_component>
      <object_component id="oc-2a6">
         <name>.debug_info</name>
         <load_address>0xb70d</load_address>
         <run_address>0xb70d</run_address>
         <size>0x6d7</size>
         <input_file_ref idref="fl-b"/>
      </object_component>
      <object_component id="oc-1df">
         <name>.debug_info</name>
         <load_address>0xbde4</load_address>
         <run_address>0xbde4</run_address>
         <size>0x110</size>
         <input_file_ref idref="fl-b"/>
      </object_component>
      <object_component id="oc-266">
         <name>.debug_info</name>
         <load_address>0xbef4</load_address>
         <run_address>0xbef4</run_address>
         <size>0x48b</size>
         <input_file_ref idref="fl-b"/>
      </object_component>
      <object_component id="oc-356">
         <name>.debug_info</name>
         <load_address>0xc37f</load_address>
         <run_address>0xc37f</run_address>
         <size>0x76</size>
         <input_file_ref idref="fl-b"/>
      </object_component>
      <object_component id="oc-35b">
         <name>.debug_info</name>
         <load_address>0xc3f5</load_address>
         <run_address>0xc3f5</run_address>
         <size>0x39</size>
         <input_file_ref idref="fl-b"/>
      </object_component>
      <object_component id="oc-33c">
         <name>.debug_info</name>
         <load_address>0xc42e</load_address>
         <run_address>0xc42e</run_address>
         <size>0x109</size>
         <input_file_ref idref="fl-b"/>
      </object_component>
      <object_component id="oc-25c">
         <name>.debug_info</name>
         <load_address>0xc537</load_address>
         <run_address>0xc537</run_address>
         <size>0x4f</size>
         <input_file_ref idref="fl-b"/>
      </object_component>
      <object_component id="oc-275">
         <name>.debug_info</name>
         <load_address>0xc586</load_address>
         <run_address>0xc586</run_address>
         <size>0x516</size>
         <input_file_ref idref="fl-c"/>
      </object_component>
      <object_component id="oc-272">
         <name>.debug_info</name>
         <load_address>0xca9c</load_address>
         <run_address>0xca9c</run_address>
         <size>0x12b</size>
         <input_file_ref idref="fl-c"/>
      </object_component>
      <object_component id="oc-26f">
         <name>.debug_info</name>
         <load_address>0xcbc7</load_address>
         <run_address>0xcbc7</run_address>
         <size>0x12b</size>
         <input_file_ref idref="fl-c"/>
      </object_component>
      <object_component id="oc-26c">
         <name>.debug_info</name>
         <load_address>0xccf2</load_address>
         <run_address>0xccf2</run_address>
         <size>0x26b</size>
         <input_file_ref idref="fl-c"/>
      </object_component>
      <object_component id="oc-19a">
         <name>.debug_info</name>
         <load_address>0xcf5d</load_address>
         <run_address>0xcf5d</run_address>
         <size>0xd80</size>
         <input_file_ref idref="fl-c"/>
      </object_component>
      <object_component id="oc-333">
         <name>.debug_info</name>
         <load_address>0xdcdd</load_address>
         <run_address>0xdcdd</run_address>
         <size>0x62</size>
         <input_file_ref idref="fl-c"/>
      </object_component>
      <object_component id="oc-277">
         <name>.debug_info</name>
         <load_address>0xdd3f</load_address>
         <run_address>0xdd3f</run_address>
         <size>0x3d0</size>
         <input_file_ref idref="fl-d"/>
      </object_component>
      <object_component id="oc-19f">
         <name>.debug_info</name>
         <load_address>0xe10f</load_address>
         <run_address>0xe10f</run_address>
         <size>0x762</size>
         <input_file_ref idref="fl-d"/>
      </object_component>
      <object_component id="oc-1de">
         <name>.debug_info</name>
         <load_address>0xe871</load_address>
         <run_address>0xe871</run_address>
         <size>0x93b</size>
         <input_file_ref idref="fl-e"/>
      </object_component>
      <object_component id="oc-ed">
         <name>.debug_info</name>
         <load_address>0xf1ac</load_address>
         <run_address>0xf1ac</run_address>
         <size>0x4514</size>
         <input_file_ref idref="fl-e"/>
      </object_component>
      <object_component id="oc-2a1">
         <name>.debug_info</name>
         <load_address>0x136c0</load_address>
         <run_address>0x136c0</run_address>
         <size>0x1ef</size>
         <input_file_ref idref="fl-e"/>
      </object_component>
      <object_component id="oc-1d9">
         <name>.debug_info</name>
         <load_address>0x138af</load_address>
         <run_address>0x138af</run_address>
         <size>0x46</size>
         <input_file_ref idref="fl-e"/>
      </object_component>
      <object_component id="oc-134">
         <name>.debug_info</name>
         <load_address>0x138f5</load_address>
         <run_address>0x138f5</run_address>
         <size>0x2c</size>
         <input_file_ref idref="fl-f"/>
      </object_component>
      <object_component id="oc-190">
         <name>.debug_info</name>
         <load_address>0x13921</load_address>
         <run_address>0x13921</run_address>
         <size>0x8db</size>
         <input_file_ref idref="fl-10"/>
      </object_component>
      <object_component id="oc-cb">
         <name>.debug_info</name>
         <load_address>0x141fc</load_address>
         <run_address>0x141fc</run_address>
         <size>0x387</size>
         <input_file_ref idref="fl-10"/>
      </object_component>
      <object_component id="oc-1a5">
         <name>.debug_info</name>
         <load_address>0x14583</load_address>
         <run_address>0x14583</run_address>
         <size>0x130</size>
         <input_file_ref idref="fl-10"/>
      </object_component>
      <object_component id="oc-1ba">
         <name>.debug_info</name>
         <load_address>0x146b3</load_address>
         <run_address>0x146b3</run_address>
         <size>0x130</size>
         <input_file_ref idref="fl-10"/>
      </object_component>
      <object_component id="oc-1bd">
         <name>.debug_info</name>
         <load_address>0x147e3</load_address>
         <run_address>0x147e3</run_address>
         <size>0x130</size>
         <input_file_ref idref="fl-10"/>
      </object_component>
      <object_component id="oc-1ab">
         <name>.debug_info</name>
         <load_address>0x14913</load_address>
         <run_address>0x14913</run_address>
         <size>0x173</size>
         <input_file_ref idref="fl-10"/>
      </object_component>
      <object_component id="oc-1b7">
         <name>.debug_info</name>
         <load_address>0x14a86</load_address>
         <run_address>0x14a86</run_address>
         <size>0x130</size>
         <input_file_ref idref="fl-10"/>
      </object_component>
      <object_component id="oc-1a8">
         <name>.debug_info</name>
         <load_address>0x14bb6</load_address>
         <run_address>0x14bb6</run_address>
         <size>0x13e</size>
         <input_file_ref idref="fl-10"/>
      </object_component>
      <object_component id="oc-1ae">
         <name>.debug_info</name>
         <load_address>0x14cf4</load_address>
         <run_address>0x14cf4</run_address>
         <size>0x132</size>
         <input_file_ref idref="fl-10"/>
      </object_component>
      <object_component id="oc-d1">
         <name>.debug_info</name>
         <load_address>0x14e26</load_address>
         <run_address>0x14e26</run_address>
         <size>0x7a05</size>
         <input_file_ref idref="fl-10"/>
      </object_component>
      <object_component id="oc-191">
         <name>.debug_info</name>
         <load_address>0x1c82b</load_address>
         <run_address>0x1c82b</run_address>
         <size>0x30c</size>
         <input_file_ref idref="fl-10"/>
      </object_component>
      <object_component id="oc-261">
         <name>.debug_info</name>
         <load_address>0x1cb37</load_address>
         <run_address>0x1cb37</run_address>
         <size>0x16e</size>
         <input_file_ref idref="fl-10"/>
      </object_component>
      <object_component id="oc-292">
         <name>.debug_info</name>
         <load_address>0x1cca5</load_address>
         <run_address>0x1cca5</run_address>
         <size>0x871</size>
         <input_file_ref idref="fl-11"/>
      </object_component>
      <object_component id="oc-287">
         <name>.debug_info</name>
         <load_address>0x1d516</load_address>
         <run_address>0x1d516</run_address>
         <size>0x130</size>
         <input_file_ref idref="fl-11"/>
      </object_component>
      <object_component id="oc-28a">
         <name>.debug_info</name>
         <load_address>0x1d646</load_address>
         <run_address>0x1d646</run_address>
         <size>0x130</size>
         <input_file_ref idref="fl-11"/>
      </object_component>
      <object_component id="oc-284">
         <name>.debug_info</name>
         <load_address>0x1d776</load_address>
         <run_address>0x1d776</run_address>
         <size>0x168</size>
         <input_file_ref idref="fl-11"/>
      </object_component>
      <object_component id="oc-281">
         <name>.debug_info</name>
         <load_address>0x1d8de</load_address>
         <run_address>0x1d8de</run_address>
         <size>0x154</size>
         <input_file_ref idref="fl-11"/>
      </object_component>
      <object_component id="oc-1b2">
         <name>.debug_info</name>
         <load_address>0x1da32</load_address>
         <run_address>0x1da32</run_address>
         <size>0x2a7c</size>
         <input_file_ref idref="fl-11"/>
      </object_component>
      <object_component id="oc-293">
         <name>.debug_info</name>
         <load_address>0x204ae</load_address>
         <run_address>0x204ae</run_address>
         <size>0x1ce</size>
         <input_file_ref idref="fl-11"/>
      </object_component>
      <object_component id="oc-28d">
         <name>.debug_info</name>
         <load_address>0x2067c</load_address>
         <run_address>0x2067c</run_address>
         <size>0x46</size>
         <input_file_ref idref="fl-11"/>
      </object_component>
      <object_component id="oc-db">
         <name>.debug_info</name>
         <load_address>0x206c2</load_address>
         <run_address>0x206c2</run_address>
         <size>0x55f</size>
         <input_file_ref idref="fl-12"/>
      </object_component>
      <object_component id="oc-ce">
         <name>.debug_info</name>
         <load_address>0x20c21</load_address>
         <run_address>0x20c21</run_address>
         <size>0x1a5</size>
         <input_file_ref idref="fl-12"/>
      </object_component>
      <object_component id="oc-d8">
         <name>.debug_info</name>
         <load_address>0x20dc6</load_address>
         <run_address>0x20dc6</run_address>
         <size>0x280</size>
         <input_file_ref idref="fl-12"/>
      </object_component>
      <object_component id="oc-76">
         <name>.debug_info</name>
         <load_address>0x21046</load_address>
         <run_address>0x21046</run_address>
         <size>0xff9</size>
         <input_file_ref idref="fl-12"/>
      </object_component>
      <object_component id="oc-73">
         <name>.debug_info</name>
         <load_address>0x2203f</load_address>
         <run_address>0x2203f</run_address>
         <size>0x292</size>
         <input_file_ref idref="fl-13"/>
      </object_component>
      <object_component id="oc-1fd">
         <name>.debug_info</name>
         <load_address>0x222d1</load_address>
         <run_address>0x222d1</run_address>
         <size>0x3e5</size>
         <input_file_ref idref="fl-cd"/>
      </object_component>
      <object_component id="oc-1f7">
         <name>.debug_info</name>
         <load_address>0x226b6</load_address>
         <run_address>0x226b6</run_address>
         <size>0x157</size>
         <input_file_ref idref="fl-cd"/>
      </object_component>
      <object_component id="oc-1f1">
         <name>.debug_info</name>
         <load_address>0x2280d</load_address>
         <run_address>0x2280d</run_address>
         <size>0x166</size>
         <input_file_ref idref="fl-cd"/>
      </object_component>
      <object_component id="oc-f2">
         <name>.debug_info</name>
         <load_address>0x22973</load_address>
         <run_address>0x22973</run_address>
         <size>0x1ac</size>
         <input_file_ref idref="fl-cd"/>
      </object_component>
      <object_component id="oc-306">
         <name>.debug_info</name>
         <load_address>0x22b1f</load_address>
         <run_address>0x22b1f</run_address>
         <size>0xb2</size>
         <input_file_ref idref="fl-cd"/>
      </object_component>
      <object_component id="oc-2e3">
         <name>.debug_info</name>
         <load_address>0x22bd1</load_address>
         <run_address>0x22bd1</run_address>
         <size>0x590</size>
         <input_file_ref idref="fl-ce"/>
      </object_component>
      <object_component id="oc-2ae">
         <name>.debug_info</name>
         <load_address>0x23161</load_address>
         <run_address>0x23161</run_address>
         <size>0x21e</size>
         <input_file_ref idref="fl-ce"/>
      </object_component>
[...]
      </symbol>
      <symbol id="sm-abc">
         <name>__aeabi_memcpy</name>
         <value>0x6ebf</value>
         <object_component_ref idref="oc-3a"/>
      </symbol>
      <symbol id="sm-abd">
         <name>__aeabi_memcpy8</name>
         <value>0x6ebf</value>
         <object_component_ref idref="oc-3a"/>
      </symbol>
      <symbol id="sm-abe">
         <name>__aeabi_memcpy4</name>
         <value>0x6ebf</value>
         <object_component_ref idref="oc-3a"/>
      </symbol>
      <symbol id="sm-acb">
         <name>__aeabi_uldivmod</name>
         <value>0x6f5b</value>
         <object_component_ref idref="oc-362"/>
      </symbol>
      <symbol id="sm-ada">
         <name>__aeabi_memset</name>
         <value>0x70ff</value>
         <object_component_ref idref="oc-a5"/>
      </symbol>
      <symbol id="sm-adb">
         <name>memset</name>
         <value>0x7105</value>
         <object_component_ref idref="oc-a5"/>
      </symbol>
      <symbol id="sm-adc">
         <name>__aeabi_memset8</name>
         <value>0x70ff</value>
         <object_component_ref idref="oc-a5"/>
      </symbol>
      <symbol id="sm-add">
         <name>__aeabi_memset4</name>
         <value>0x70ff</value>
         <object_component_ref idref="oc-a5"/>
      </symbol>
      <symbol id="sm-ade">
         <name>__aeabi_memclr8</name>
         <value>0x70fd</value>
         <object_component_ref idref="oc-a5"/>
      </symbol>
      <symbol id="sm-adf">
         <name>__aeabi_memclr4</name>
         <value>0x70fd</value>
         <object_component_ref idref="oc-a5"/>
      </symbol>
      <symbol id="sm-ae0">
         <name>__aeabi_memclr</name>
         <value>0x70fd</value>
         <object_component_ref idref="oc-a5"/>
      </symbol>
      <symbol id="sm-af2">
         <name>__TI_zero_init</name>
         <value>0x7d83</value>
         <object_component_ref idref="oc-4c"/>
      </symbol>
      <symbol id="sm-b09">
         <name>__TI_decompress_none</name>
         <value>0x7d67</value>
         <object_component_ref idref="oc-1d"/>
      </symbol>
      <symbol id="sm-b2c">
         <name>__TI_decompress_lzss</name>
         <value>0x73a1</value>
         <object_component_ref idref="oc-17"/>
      </symbol>
      <symbol id="sm-b52">
         <name>C$$EXIT</name>
         <value>0x7dad</value>
         <object_component_ref idref="oc-14c"/>
      </symbol>
      <symbol id="sm-b53">
         <name>abort</name>
         <value>0x7dad</value>
         <object_component_ref idref="oc-14c"/>
      </symbol>
      <symbol id="sm-b54">
         <name>__TI_dtors_ptr</name>
         <value>0x20008988</value>
         <object_component_ref idref="oc-23c"/>
      </symbol>
      <symbol id="sm-b55">
         <name>__TI_cleanup_ptr</name>
         <value>0x20008984</value>
         <object_component_ref idref="oc-23c"/>
      </symbol>
      <symbol id="sm-b56">
         <name>__TI_enable_exit_profile_output</name>
         <value>0x2000898c</value>
         <object_component_ref idref="oc-23c"/>
      </symbol>
      <symbol id="sm-b57">
         <name>exit</name>
         <value>0x789d</value>
         <object_component_ref idref="oc-152"/>
      </symbol>
      <symbol id="sm-b6c">
         <name>_nop</name>
         <value>0x3ce7</value>
         <object_component_ref idref="oc-2ee"/>
      </symbol>
      <symbol id="sm-b6d">
         <name>_lock</name>
         <value>0x2000899c</value>
         <object_component_ref idref="oc-1ea"/>
      </symbol>
      <symbol id="sm-b6e">
         <name>_unlock</name>
         <value>0x200089a0</value>
         <object_component_ref idref="oc-1ea"/>
      </symbol>
      <symbol id="sm-b7d">
         <name>__TI_ltoa</name>
         <value>0x775f</value>
         <object_component_ref idref="oc-37d"/>
      </symbol>
      <symbol id="sm-b93">
         <name>atoi</name>
         <value>0x7851</value>
         <object_component_ref idref="oc-f7"/>
      </symbol>
      <symbol id="sm-b9e">
         <name>_ctypes_</name>
         <value>0x7db0</value>
         <object_component_ref idref="oc-203"/>
      </symbol>
      <symbol id="sm-bb3">
         <name>__TI_tmpnams</name>
         <value>0x200081e8</value>
      </symbol>
      <symbol id="sm-bb4">
         <name>__aeabi_stdout</name>
         <value>0x2000897c</value>
         <object_component_ref idref="oc-4bf"/>
      </symbol>
      <symbol id="sm-bb5">
         <name>__aeabi_stderr</name>
         <value>0x20008980</value>
         <object_component_ref idref="oc-4bf"/>
      </symbol>
      <symbol id="sm-bb6">
         <name>__aeabi_stdin</name>
         <value>0x20008978</value>
         <object_component_ref idref="oc-4bf"/>
      </symbol>
      <symbol id="sm-bb7">
         <name>_ftable</name>
         <value>0x20008758</value>
         <object_component_ref idref="oc-1ed"/>
      </symbol>
      <symbol id="sm-bb8">
         <name>__TI_ft_end</name>
         <value>0x20008974</value>
         <object_component_ref idref="oc-4bf"/>
      </symbol>
      <symbol id="sm-bc8">
         <name>memccpy</name>
         <value>0x7cc9</value>
         <object_component_ref idref="oc-2d0"/>
      </symbol>
      <symbol id="sm-bd8">
         <name>memchr</name>
         <value>0x7c8d</value>
         <object_component_ref idref="oc-3e5"/>
      </symbol>
      <symbol id="sm-c61">
         <name>_sys_memory</name>
         <value>0x20008358</value>
         <object_component_ref idref="oc-29"/>
      </symbol>
      <symbol id="sm-c62">
         <name>free</name>
         <value>0x6b71</value>
         <object_component_ref idref="oc-470"/>
      </symbol>
      <symbol id="sm-c63">
         <name>memalign</name>
         <value>0x6975</value>
         <object_component_ref idref="oc-4b2"/>
      </symbol>
      <symbol id="sm-c64">
         <name>malloc</name>
         <value>0x7d99</value>
         <object_component_ref idref="oc-476"/>
      </symbol>
      <symbol id="sm-c65">
         <name>aligned_alloc</name>
         <value>0x6975</value>
         <object_component_ref idref="oc-4b2"/>
      </symbol>
      <symbol id="sm-c75">
         <name>strchr</name>
         <value>0x7d17</value>
         <object_component_ref idref="oc-3b4"/>
      </symbol>
      <symbol id="sm-c83">
         <name>strlen</name>
         <value>0x7d41</value>
         <object_component_ref idref="oc-2a7"/>
      </symbol>
      <symbol id="sm-c9d">
         <name>write</name>
         <value>0x7c65</value>
         <object_component_ref idref="oc-3f1"/>
      </symbol>
      <symbol id="sm-cae">
         <name>_stream</name>
         <value>0x200088c0</value>
         <object_component_ref idref="oc-452"/>
      </symbol>
      <symbol id="sm-caf">
         <name>_device</name>
         <value>0x20008848</value>
         <object_component_ref idref="oc-48f"/>
      </symbol>
      <symbol id="sm-cc2">
         <name>__stack</name>
         <value>0x2000fe00</value>
         <object_component_ref idref="oc-2c"/>
      </symbol>
      <symbol id="sm-cc3">
         <name>_c_int00_noargs</name>
         <value>0x7b55</value>
         <object_component_ref idref="oc-58"/>
      </symbol>
      <symbol id="sm-cd9">
         <name>__aeabi_errno_addr</name>
         <value>0x7d91</value>
         <object_component_ref idref="oc-2dc"/>
      </symbol>
      <symbol id="sm-cda">
         <name>errno</name>
         <value>0x200089b4</value>
         <object_component_ref idref="oc-3c4"/>
      </symbol>
      <symbol id="sm-cfa">
         <name>frexpl</name>
         <value>0x7471</value>
         <object_component_ref idref="oc-3a8"/>
      </symbol>
      <symbol id="sm-cfb">
         <name>frexp</name>
         <value>0x7471</value>
         <object_component_ref idref="oc-3a8"/>
      </symbol>
      <symbol id="sm-d18">
         <name>scalbn</name>
         <value>0x6865</value>
         <object_component_ref idref="oc-3ae"/>
      </symbol>
      <symbol id="sm-d19">
         <name>scalbnl</name>
         <value>0x6865</value>
         <object_component_ref idref="oc-3ae"/>
      </symbol>
      <symbol id="sm-d1a">
         <name>ldexpl</name>
         <value>0x6865</value>
         <object_component_ref idref="oc-3ae"/>
      </symbol>
      <symbol id="sm-d1b">
         <name>ldexp</name>
         <value>0x6865</value>
         <object_component_ref idref="oc-3ae"/>
      </symbol>
      <symbol id="sm-d34">
         <name>wcslen</name>
         <value>0x7d55</value>
         <object_component_ref idref="oc-2d6"/>
      </symbol>
      <symbol id="sm-d3e">
         <name>copysign</name>
         <value>0x7ce5</value>
         <object_component_ref idref="oc-424"/>
      </symbol>
      <symbol id="sm-d3f">
         <name>copysignl</name>
         <value>0x7ce5</value>
         <object_component_ref idref="oc-424"/>
      </symbol>
      <symbol id="sm-d4f">
         <name>__TI_doflush</name>
         <value>0x7805</value>
         <object_component_ref idref="oc-3eb"/>
      </symbol>
      <symbol id="sm-d5f">
         <name>__TI_cleanup</name>
         <value>0x7aed</value>
         <object_component_ref idref="oc-47c"/>
      </symbol>
      <symbol id="sm-d71">
         <name>fseek</name>
         <value>0x74d5</value>
         <object_component_ref idref="oc-440"/>
      </symbol>
      <symbol id="sm-d7b">
         <name>__aeabi_idiv0</name>
         <value>0x5fcf</value>
         <object_component_ref idref="oc-40b"/>
      </symbol>
      <symbol id="sm-d7c">
         <name>__aeabi_ldiv0</name>
         <value>0x5fcf</value>
         <object_component_ref idref="oc-40b"/>
      </symbol>
      <symbol id="sm-da4">
         <name>__TI_auto_init_nobinit_nopinit</name>
         <value>0x79b5</value>
         <object_component_ref idref="oc-158"/>
      </symbol>
      <symbol id="sm-dae">
         <name>_system_pre_init</name>
         <value>0x7da9</value>
         <object_component_ref idref="oc-ab"/>
      </symbol>
      <symbol id="sm-dc1">
         <name>HOSTclose</name>
         <value>0x792d</value>
         <object_component_ref idref="oc-4cb"/>
      </symbol>
      <symbol id="sm-dd2">
         <name>HOSTlseek</name>
         <value>0x7339</value>
         <object_component_ref idref="oc-4dd"/>
      </symbol>
      <symbol id="sm-de4">
         <name>parmbuf</name>
         <value>0x20008338</value>
      </symbol>
      <symbol id="sm-de5">
         <name>HOSTopen</name>
         <value>0x759d</value>
         <object_component_ref idref="oc-4c5"/>
      </symbol>
      <symbol id="sm-df6">
         <name>HOSTread</name>
         <value>0x7659</value>
         <object_component_ref idref="oc-4d1"/>
      </symbol>
      <symbol id="sm-e07">
         <name>HOSTrename</name>
         <value>0x72cd</value>
         <object_component_ref idref="oc-4e9"/>
      </symbol>
      <symbol id="sm-e18">
         <name>HOSTunlink</name>
         <value>0x7971</value>
         <object_component_ref idref="oc-4e3"/>
      </symbol>
      <symbol id="sm-e29">
         <name>HOSTwrite</name>
         <value>0x76b1</value>
         <object_component_ref idref="oc-4d7"/>
      </symbol>
      <symbol id="sm-e4d">
         <name>__TI_readmsg</name>
         <value>0x7b21</value>
         <object_component_ref idref="oc-518"/>
      </symbol>
      <symbol id="sm-e4e">
         <name>C$$IO$$</name>
         <value>0x7aab</value>
         <object_component_ref idref="oc-512"/>
      </symbol>
      <symbol id="sm-e4f">
         <name>__CIOBUF_</name>
         <value>0x20008000</value>
         <object_component_ref idref="oc-543"/>
      </symbol>
      <symbol id="sm-e50">
         <name>__TI_writemsg</name>
         <value>0x7a7d</value>
         <object_component_ref idref="oc-512"/>
      </symbol>
      <symbol id="sm-e61">
         <name>lseek</name>
         <value>0x7c3d</value>
         <object_component_ref idref="oc-468"/>
      </symbol>
      <symbol id="sm-e76">
         <name>__TI_closefile</name>
         <value>0x7179</value>
         <object_component_ref idref="oc-4b9"/>
      </symbol>
      <symbol id="sm-e99">
         <name>finddevice</name>
         <value>0x7b89</value>
         <object_component_ref idref="oc-561"/>
      </symbol>
      <symbol id="sm-e9a">
         <name>getdevice</name>
         <value>0x79f9</value>
         <object_component_ref idref="oc-539"/>
      </symbol>
      <symbol id="sm-ea9">
         <name>strcmp</name>
         <value>0x7cff</value>
         <object_component_ref idref="oc-578"/>
      </symbol>
      <symbol id="sm-eb7">
         <name>strcpy</name>
         <value>0x7d2d</value>
         <object_component_ref idref="oc-52c"/>
      </symbol>
      <symbol id="sm-ec7">
         <name>strncpy</name>
         <value>0x7ab5</value>
         <object_component_ref idref="oc-55b"/>
      </symbol>
      <symbol id="sm-edc">
         <name>close</name>
         <value>0x75fd</value>
         <object_component_ref idref="oc-501"/>
      </symbol>
      <symbol id="sm-eec">
         <name>unlink</name>
         <value>0x7be9</value>
         <object_component_ref idref="oc-507"/>
      </symbol>
      <symbol id="sm-eed">
         <name>__TI_static_base__</name>
         <value>0x0</value>
      </symbol>
      <symbol id="sm-ef0">
         <name>__mpu_init</name>
         <value>0x0</value>
      </symbol>
      <symbol id="sm-ef1">
         <name>_system_post_cinit</name>
         <value>0x0</value>
      </symbol>
      <symbol id="sm-ef2">
         <name>NMI_Handler</name>
         <value>0x7d81</value>
      </symbol>
      <symbol id="sm-ef3">
         <name>HardFault_Handler</name>
         <value>0x7d81</value>
      </symbol>
      <symbol id="sm-ef4">
         <name>MemManage_Handler</name>
         <value>0x7d81</value>
      </symbol>
      <symbol id="sm-ef5">
         <name>BusFault_Handler</name>
         <value>0x7d81</value>
      </symbol>
      <symbol id="sm-ef6">
         <name>UsageFault_Handler</name>
         <value>0x7d81</value>
      </symbol>
      <symbol id="sm-ef7">
         <name>SVC_Handler</name>
         <value>0x7d81</value>
      </symbol>
      <symbol id="sm-ef8">
         <name>DebugMon_Handler</name>
         <value>0x7d81</value>
      </symbol>
      <symbol id="sm-ef9">
         <name>PendSV_Handler</name>
         <value>0x7d81</value>
      </symbol>
      <symbol id="sm-efa">
         <name>SysTick_Handler</name>
         <value>0x7d81</value>
      </symbol>
      <symbol id="sm-efb">
         <name>PSS_IRQHandler</name>
         <value>0x7d81</value>
      </symbol>
      <symbol id="sm-efc">
         <name>CS_IRQHandler</name>
         <value>0x7d81</value>
      </symbol>
      <symbol id="sm-efd">
         <name>PCM_IRQHandler</name>
         <value>0x7d81</value>
      </symbol>
      <symbol id="sm-efe">
         <name>WDT_A_IRQHandler</name>
         <value>0x7d81</value>
      </symbol>
      <symbol id="sm-eff">
         <name>FPU_IRQHandler</name>
         <value>0x7d81</value>
      </symbol>
      <symbol id="sm-f00">
         <name>FLCTL_IRQHandler</name>
         <value>0x7d81</value>
      </symbol>
      <symbol id="sm-f01">
         <name>COMP_E0_IRQHandler</name>
         <value>0x7d81</value>
      </symbol>
      <symbol id="sm-f02">
         <name>COMP_E1_IRQHandler</name>
         <value>0x7d81</value>
      </symbol>
      <symbol id="sm-f03">
         <name>TA0_0_IRQHandler</name>
         <value>0x7d81</value>
      </symbol>
      <symbol id="sm-f04">
         <name>TA0_N_IRQHandler</name>
         <value>0x7d81</value>
      </symbol>
      <symbol id="sm-f05">
         <name>TA1_0_IRQHandler</name>
         <value>0x7d81</value>
      </symbol>
      <symbol id="sm-f06">
         <name>TA1_N_IRQHandler</name>
         <value>0x7d81</value>
      </symbol>
      <symbol id="sm-f07">
         <name>TA2_0_IRQHandler</name>
         <value>0x7d81</value>
      </symbol>
      <symbol id="sm-f08">
         <name>TA2_N_IRQHandler</name>
         <value>0x7d81</value>
      </symbol>
      <symbol id="sm-f09">
         <name>TA3_0_IRQHandler</name>
         <value>0x7d81</value>
      </symbol>
      <symbol id="sm-f0a">
         <name>TA3_N_IRQHandler</name>
         <value>0x7d81</value>
      </symbol>
      <symbol id="sm-f0b">
         <name>EUSCIA0_IRQHandler</name>
         <value>0x564b</value>
      </symbol>
      <symbol id="sm-f0c">
         <name>EUSCIA1_IRQHandler</name>
         <value>0x7d81</value>
      </symbol>
      <symbol id="sm-f0d">
         <name>EUSCIA2_IRQHandler</name>
         <value>0x7d81</value>
      </symbol>
      <symbol id="sm-f0e">
         <name>EUSCIA3_IRQHandler</name>
         <value>0x7d81</value>
      </symbol>
      <symbol id="sm-f0f">
         <name>EUSCIB0_IRQHandler</name>
         <value>0x7d81</value>
      </symbol>
      <symbol id="sm-f10">
         <name>EUSCIB1_IRQHandler</name>
         <value>0x7d81</value>
      </symbol>
      <symbol id="sm-f11">
         <name>EUSCIB2_IRQHandler</name>
         <value>0x7d81</value>
      </symbol>
      <symbol id="sm-f12">
         <name>EUSCIB3_IRQHandler</name>
         <value>0x7d81</value>
      </symbol>
      <symbol id="sm-f13">
         <name>ADC14_IRQHandler</name>
         <value>0x5bc7</value>
      </symbol>
      <symbol id="sm-f14">
         <name>T32_INT1_IRQHandler</name>
         <value>0x7d81</value>
      </symbol>
      <symbol id="sm-f15">
         <name>T32_INT2_IRQHandler</name>
         <value>0x7d81</value>
      </symbol>
      <symbol id="sm-f16">
         <name>T32_INTC_IRQHandler</name>
         <value>0x7d81</value>
      </symbol>
      <symbol id="sm-f17">
         <name>AES256_IRQHandler</name>
         <value>0x7d81</value>
      </symbol>
      <symbol id="sm-f18">
         <name>RTC_C_IRQHandler</name>
         <value>0x7d81</value>
      </symbol>
      <symbol id="sm-f19">
         <name>DMA_ERR_IRQHandler</name>
         <value>0x7d81</value>
      </symbol>
      <symbol id="sm-f1a">
         <name>DMA_INT3_IRQHandler</name>
         <value>0x7d81</value>
      </symbol>
      <symbol id="sm-f1b">
         <name>DMA_INT2_IRQHandler</name>
         <value>0x7d81</value>
      </symbol>
      <symbol id="sm-f1c">
         <name>DMA_INT1_IRQHandler</name>
         <value>0x7d81</value>
      </symbol>
      <symbol id="sm-f1d">
         <name>DMA_INT0_IRQHandler</name>
         <value>0x7d81</value>
      </symbol>
      <symbol id="sm-f1e">
         <name>PORT1_IRQHandler</name>
         <value>0x7d81</value>
      </symbol>
      <symbol id="sm-f1f">
         <name>PORT2_IRQHandler</name>
         <value>0x7d81</value>
      </symbol>
      <symbol id="sm-f20">
         <name>PORT3_IRQHandler</name>
         <value>0x7d81</value>
      </symbol>
      <symbol id="sm-f21">
         <name>PORT4_IRQHandler</name>
         <value>0x7d81</value>
      </symbol>
      <symbol id="sm-f22">
         <name>PORT5_IRQHandler</name>
         <value>0x7d81</value>
      </symbol>
      <symbol id="sm-f23">
         <name>PORT6_IRQHandler</name>
         <value>0x7d81</value>
      </symbol>
      <symbol id="sm-f24">
         <name>remove</name>
         <value>0x7be9</value>
      </symbol>
   </symbol_table>
   <title>Link successful</title>
</link_info>
