<?xml version="1.0" encoding="ISO-8859-1" ?>
<link_info>
   <banner>TI ARM Linker PC v20.2.2.LTS</banner>
   <copyright>Copyright (c) 1996-2018 Texas Instruments Incorporated</copyright>
   <link_time>0x5fd17a76</link_time>
   <link_errors>0x0</link_errors>
   <output_file>Project.out</output_file>
   <entry_point>
      <name>_c_int00_noargs</name>
      <address>0x6229</address>
   </entry_point>
   <input_file_list>
      <input_file id="fl-2">
         <path>.\</path>
         <kind>object</kind>
         <file>i2c.obj</file>
         <name>i2c.obj</name>
      </input_file>
      <input_file id="fl-3">
         <path>.\</path>
         <kind>object</kind>
         <file>lcd.obj</file>
         <name>lcd.obj</name>
      </input_file>
      <input_file id="fl-4">
         <path>.\</path>
         <kind>object</kind>
         <file>main.obj</file>
         <name>main.obj</name>
      </input_file>
      <input_file id="fl-5">
         <path>.\</path>
         <kind>object</kind>
         <file>startup_msp432p401r_ccs.obj</file>
         <name>startup_msp432p401r_ccs.obj</name>
      </input_file>
      <input_file id="fl-6">
         <path>.\</path>
         <kind>object</kind>
         <file>system_msp432p401r.obj</file>
         <name>system_msp432p401r.obj</name>
      </input_file>
      <input_file id="fl-7">
         <path>.\</path>
         <kind>object</kind>
         <file>task_accel.obj</file>
         <name>task_accel.obj</name>
      </input_file>
      <input_file id="fl-8">
         <path>.\</path>
         <kind>object</kind>
         <file>task_bullet.obj</file>
         <name>task_bullet.obj</name>
      </input_file>
      <input_file id="fl-9">
         <path>.\</path>
         <kind>object</kind>
         <file>task_button.obj</file>
         <name>task_button.obj</name>
      </input_file>
      <input_file id="fl-a">
         <path>.\</path>
         <kind>object</kind>
         <file>task_enemy.obj</file>
         <name>task_enemy.obj</name>
      </input_file>
      <input_file id="fl-b">
         <path>.\</path>
         <kind>object</kind>
         <file>task_hero.obj</file>
         <name>task_hero.obj</name>
      </input_file>
      <input_file id="fl-c">
         <path>.\</path>
         <kind>object</kind>
         <file>task_joystick.obj</file>
         <name>task_joystick.obj</name>
      </input_file>
      <input_file id="fl-d">
         <path>.\</path>
         <kind>object</kind>
         <file>task_light.obj</file>
         <name>task_light.obj</name>
      </input_file>
      <input_file id="fl-e">
         <path>.\FreeRTOS\</path>
         <kind>object</kind>
         <file>croutine.obj</file>
         <name>croutine.obj</name>
      </input_file>
      <input_file id="fl-f">
         <path>.\FreeRTOS\</path>
         <kind>object</kind>
         <file>event_groups.obj</file>
         <name>event_groups.obj</name>
      </input_file>
      <input_file id="fl-10">
         <path>.\FreeRTOS\</path>
         <kind>object</kind>
         <file>heap_4.obj</file>
         <name>heap_4.obj</name>
      </input_file>
      <input_file id="fl-11">
         <path>.\FreeRTOS\</path>
         <kind>object</kind>
         <file>list.obj</file>
         <name>list.obj</name>
      </input_file>
      <input_file id="fl-12">
         <path>.\FreeRTOS\</path>
         <kind>object</kind>
         <file>queue.obj</file>
         <name>queue.obj</name>
      </input_file>
      <input_file id="fl-13">
         <path>.\FreeRTOS\</path>
         <kind>object</kind>
         <file>stream_buffer.obj</file>
         <name>stream_buffer.obj</name>
      </input_file>
      <input_file id="fl-14">
         <path>.\FreeRTOS\</path>
         <kind>object</kind>
         <file>tasks.obj</file>
         <name>tasks.obj</name>
      </input_file>
      <input_file id="fl-15">
         <path>.\FreeRTOS\</path>
         <kind>object</kind>
         <file>timers.obj</file>
         <name>timers.obj</name>
      </input_file>
      <input_file id="fl-16">
         <path>.\FreeRTOS\portable\</path>
         <kind>object</kind>
         <file>port.obj</file>
         <name>port.obj</name>
      </input_file>
      <input_file id="fl-17">
         <path>.\FreeRTOS\portable\</path>
         <kind>object</kind>
         <file>portasm.obj</file>
         <name>portasm.obj</name>
      </input_file>
      <input_file id="fl-18">
         <path>.\Pics\</path>
         <kind>object</kind>
         <file>bullet.obj</file>
         <name>bullet.obj</name>
      </input_file>
      <input_file id="fl-19">
         <path>.\Pics\</path>
         <kind>object</kind>
         <file>enemy.obj</file>
         <name>enemy.obj</name>
      </input_file>
      <input_file id="fl-1a">
         <path>.\Pics\</path>
         <kind>object</kind>
         <file>lose.obj</file>
         <name>lose.obj</name>
      </input_file>
      <input_file id="fl-1b">
         <path>.\Pics\</path>
         <kind>object</kind>
         <file>pos_east.obj</file>
         <name>pos_east.obj</name>
      </input_file>
      <input_file id="fl-1c">
         <path>.\Pics\</path>
         <kind>object</kind>
         <file>pos_north.obj</file>
         <name>pos_north.obj</name>
      </input_file>
      <input_file id="fl-1d">
         <path>.\Pics\</path>
         <kind>object</kind>
         <file>pos_north_east.obj</file>
         <name>pos_north_east.obj</name>
      </input_file>
      <input_file id="fl-1e">
         <path>.\Pics\</path>
         <kind>object</kind>
         <file>pos_north_west.obj</file>
         <name>pos_north_west.obj</name>
      </input_file>
      <input_file id="fl-1f">
         <path>.\Pics\</path>
         <kind>object</kind>
         <file>pos_south.obj</file>
         <name>pos_south.obj</name>
      </input_file>
      <input_file id="fl-20">
         <path>.\Pics\</path>
         <kind>object</kind>
         <file>pos_south_east.obj</file>
         <name>pos_south_east.obj</name>
      </input_file>
      <input_file id="fl-21">
         <path>.\Pics\</path>
         <kind>object</kind>
         <file>pos_south_west.obj</file>
         <name>pos_south_west.obj</name>
      </input_file>
      <input_file id="fl-22">
         <path>.\Pics\</path>
         <kind>object</kind>
         <file>pos_west.obj</file>
         <name>pos_west.obj</name>
      </input_file>
      <input_file id="fl-23">
         <path>.\Pics\</path>
         <kind>object</kind>
         <file>wall.obj</file>
         <name>wall.obj</name>
      </input_file>
      <input_file id="fl-24">
         <path>.\Pics\</path>
         <kind>object</kind>
         <file>win.obj</file>
         <name>win.obj</name>
      </input_file>
      <input_file id="fl-28">
         <kind>object</kind>
         <file>&lt;internal&gt;</file>
         <name>&lt;internal&gt;</name>
      </input_file>
      <input_file id="fl-de">
         <path>C:\ti\ccs\ccs\tools\compiler\ti-cgt-arm_20.2.2.LTS\lib\</path>
         <kind>archive</kind>
         <file>rtsv7M4_T_le_v4SPD16_eabi.lib</file>
         <name>memcpy_t2.asm.obj</name>
      </input_file>
      <input_file id="fl-df">
         <path>C:\ti\ccs\ccs\tools\compiler\ti-cgt-arm_20.2.2.LTS\lib\</path>
         <kind>archive</kind>
         <file>rtsv7M4_T_le_v4SPD16_eabi.lib</file>
         <name>memset_t2.asm.obj</name>
      </input_file>
      <input_file id="fl-e0">
         <path>C:\ti\ccs\ccs\tools\compiler\ti-cgt-arm_20.2.2.LTS\lib\</path>
         <kind>archive</kind>
         <file>rtsv7M4_T_le_v4SPD16_eabi.lib</file>
         <name>copy_zero_init.c.obj</name>
      </input_file>
      <input_file id="fl-e1">
         <path>C:\ti\ccs\ccs\tools\compiler\ti-cgt-arm_20.2.2.LTS\lib\</path>
         <kind>archive</kind>
         <file>rtsv7M4_T_le_v4SPD16_eabi.lib</file>
         <name>copy_decompress_none.c.obj</name>
      </input_file>
      <input_file id="fl-e2">
         <path>C:\ti\ccs\ccs\tools\compiler\ti-cgt-arm_20.2.2.LTS\lib\</path>
         <kind>archive</kind>
         <file>rtsv7M4_T_le_v4SPD16_eabi.lib</file>
         <name>copy_decompress_lzss.c.obj</name>
      </input_file>
      <input_file id="fl-e3">
         <path>C:\ti\ccs\ccs\tools\compiler\ti-cgt-arm_20.2.2.LTS\lib\</path>
         <kind>archive</kind>
         <file>rtsv7M4_T_le_v4SPD16_eabi.lib</file>
         <name>boot_cortex_m.c.obj</name>
      </input_file>
      <input_file id="fl-e4">
         <path>C:\ti\ccs\ccs\tools\compiler\ti-cgt-arm_20.2.2.LTS\lib\</path>
         <kind>archive</kind>
         <file>rtsv7M4_T_le_v4SPD16_eabi.lib</file>
         <name>autoinit.c.obj</name>
      </input_file>
      <input_file id="fl-e5">
         <path>C:\ti\ccs\ccs\tools\compiler\ti-cgt-arm_20.2.2.LTS\lib\</path>
         <kind>archive</kind>
         <file>rtsv7M4_T_le_v4SPD16_eabi.lib</file>
         <name>pre_init.c.obj</name>
      </input_file>
      <input_file id="fl-e6">
         <path>C:\ti\ccs\ccs\tools\compiler\ti-cgt-arm_20.2.2.LTS\lib\</path>
         <kind>archive</kind>
         <file>rtsv7M4_T_le_v4SPD16_eabi.lib</file>
         <name>cpy_tbl.c.obj</name>
      </input_file>
      <input_file id="fl-e7">
         <path>C:\ti\ccs\ccs\tools\compiler\ti-cgt-arm_20.2.2.LTS\lib\</path>
         <kind>archive</kind>
         <file>rtsv7M4_T_le_v4SPD16_eabi.lib</file>
         <name>exit.c.obj</name>
      </input_file>
      <input_file id="fl-e8">
         <path>C:\ti\ccs\ccs\tools\compiler\ti-cgt-arm_20.2.2.LTS\lib\</path>
         <kind>archive</kind>
         <file>rtsv7M4_T_le_v4SPD16_eabi.lib</file>
         <name>_lock.c.obj</name>
      </input_file>
      <input_file id="fl-e9">
         <path>C:\ti\ccs\ccs\tools\compiler\ti-cgt-arm_20.2.2.LTS\lib\</path>
         <kind>archive</kind>
         <file>rtsv7M4_T_le_v4SPD16_eabi.lib</file>
         <name>args_main.c.obj</name>
      </input_file>
   </input_file_list>
   <object_component_list>
      <object_component id="oc-26">
         <name>.intvecs:retain</name>
         <load_address>0x0</load_address>
         <run_address>0x0</run_address>
         <size>0xe4</size>
         <input_file_ref idref="fl-5"/>
      </object_component>
      <object_component id="oc-c3">
         <name>.text</name>
         <load_address>0xe4</load_address>
         <run_address>0xe4</run_address>
         <size>0x20c4</size>
         <input_file_ref idref="fl-14"/>
      </object_component>
      <object_component id="oc-de">
         <name>.text</name>
         <load_address>0x21a8</load_address>
         <run_address>0x21a8</run_address>
         <size>0x10f0</size>
         <input_file_ref idref="fl-12"/>
      </object_component>
      <object_component id="oc-1b4">
         <name>.text</name>
         <load_address>0x3298</load_address>
         <run_address>0x3298</run_address>
         <size>0x7a4</size>
         <input_file_ref idref="fl-15"/>
      </object_component>
      <object_component id="oc-20e">
         <name>.text</name>
         <load_address>0x3a3c</load_address>
         <run_address>0x3a3c</run_address>
         <size>0x4f8</size>
         <input_file_ref idref="fl-3"/>
      </object_component>
      <object_component id="oc-72">
         <name>.text</name>
         <load_address>0x3f34</load_address>
         <run_address>0x3f34</run_address>
         <size>0x438</size>
         <input_file_ref idref="fl-16"/>
      </object_component>
      <object_component id="oc-19c">
         <name>.text</name>
         <load_address>0x436c</load_address>
         <run_address>0x436c</run_address>
         <size>0x42c</size>
         <input_file_ref idref="fl-10"/>
      </object_component>
      <object_component id="oc-117">
         <name>.text</name>
         <load_address>0x4798</load_address>
         <run_address>0x4798</run_address>
         <size>0x42c</size>
         <input_file_ref idref="fl-b"/>
      </object_component>
      <object_component id="oc-b6">
         <name>.text</name>
         <load_address>0x4bc4</load_address>
         <run_address>0x4bc4</run_address>
         <size>0x354</size>
         <input_file_ref idref="fl-6"/>
      </object_component>
      <object_component id="oc-11d">
         <name>.text</name>
         <load_address>0x4f18</load_address>
         <run_address>0x4f18</run_address>
         <size>0x2f8</size>
         <input_file_ref idref="fl-a"/>
      </object_component>
      <object_component id="oc-78">
         <name>.text</name>
         <load_address>0x5210</load_address>
         <run_address>0x5210</run_address>
         <size>0x2d4</size>
         <input_file_ref idref="fl-c"/>
      </object_component>
      <object_component id="oc-123">
         <name>.text</name>
         <load_address>0x54e4</load_address>
         <run_address>0x54e4</run_address>
         <size>0x2d0</size>
         <input_file_ref idref="fl-8"/>
      </object_component>
      <object_component id="oc-a4">
         <name>.text</name>
         <load_address>0x57b4</load_address>
         <run_address>0x57b4</run_address>
         <size>0x1d8</size>
         <input_file_ref idref="fl-4"/>
      </object_component>
      <object_component id="oc-272">
         <name>.text</name>
         <load_address>0x598c</load_address>
         <run_address>0x598c</run_address>
         <size>0x1c0</size>
         <input_file_ref idref="fl-2"/>
      </object_component>
      <object_component id="oc-129">
         <name>.text</name>
         <load_address>0x5b4c</load_address>
         <run_address>0x5b4c</run_address>
         <size>0x194</size>
         <input_file_ref idref="fl-d"/>
      </object_component>
      <object_component id="oc-1a2">
         <name>.text</name>
         <load_address>0x5ce0</load_address>
         <run_address>0x5ce0</run_address>
         <size>0x12a</size>
         <input_file_ref idref="fl-11"/>
      </object_component>
      <object_component id="oc-144">
         <name>.text</name>
         <load_address>0x5e0c</load_address>
         <run_address>0x5e0c</run_address>
         <size>0x11c</size>
         <input_file_ref idref="fl-7"/>
      </object_component>
      <object_component id="oc-6d">
         <name>.text</name>
         <load_address>0x5f28</load_address>
         <run_address>0x5f28</run_address>
         <size>0xda</size>
         <input_file_ref idref="fl-17"/>
      </object_component>
      <object_component id="oc-37">
         <name>.text</name>
         <load_address>0x6002</load_address>
         <run_address>0x6002</run_address>
         <size>0x9c</size>
         <input_file_ref idref="fl-de"/>
      </object_component>
      <object_component id="oc-98">
         <name>.text</name>
         <load_address>0x609e</load_address>
         <run_address>0x609e</run_address>
         <size>0x7a</size>
         <input_file_ref idref="fl-df"/>
      </object_component>
      <object_component id="oc-17">
         <name>.text:decompress:lzss:__TI_decompress_lzss</name>
         <load_address>0x6118</load_address>
         <run_address>0x6118</run_address>
         <size>0x68</size>
         <input_file_ref idref="fl-e2"/>
      </object_component>
      <object_component id="oc-139">
         <name>.text</name>
         <load_address>0x6180</load_address>
         <run_address>0x6180</run_address>
         <size>0x64</size>
         <input_file_ref idref="fl-9"/>
      </object_component>
      <object_component id="oc-15c">
         <name>.text:__TI_auto_init_nobinit_nopinit:__TI_auto_init_nobinit_nopinit</name>
         <load_address>0x61e4</load_address>
         <run_address>0x61e4</run_address>
         <size>0x44</size>
         <input_file_ref idref="fl-e4"/>
      </object_component>
      <object_component id="oc-55">
         <name>.text:_c_int00_noargs:_c_int00_noargs</name>
         <load_address>0x6228</load_address>
         <run_address>0x6228</run_address>
         <size>0x34</size>
         <input_file_ref idref="fl-e3"/>
      </object_component>
      <object_component id="oc-1d">
         <name>.text:decompress:none:__TI_decompress_none</name>
         <load_address>0x625c</load_address>
         <run_address>0x625c</run_address>
         <size>0xe</size>
         <input_file_ref idref="fl-e1"/>
      </object_component>
      <object_component id="oc-67">
         <name>.text</name>
         <load_address>0x626a</load_address>
         <run_address>0x626a</run_address>
         <size>0xe</size>
         <input_file_ref idref="fl-5"/>
      </object_component>
      <object_component id="oc-49">
         <name>.text:decompress:ZI:__TI_zero_init</name>
         <load_address>0x6278</load_address>
         <run_address>0x6278</run_address>
         <size>0xc</size>
         <input_file_ref idref="fl-e0"/>
      </object_component>
      <object_component id="oc-9e">
         <name>.text:_system_pre_init</name>
         <load_address>0x6284</load_address>
         <run_address>0x6284</run_address>
         <size>0x4</size>
         <input_file_ref idref="fl-e5"/>
      </object_component>
      <object_component id="oc-150">
         <name>.text:abort:abort</name>
         <load_address>0x6288</load_address>
         <run_address>0x6288</run_address>
         <size>0x4</size>
         <input_file_ref idref="fl-e7"/>
      </object_component>
      <object_component id="oc-21f">
         <name>.const:.string:loseBitmaps</name>
         <load_address>0x628c</load_address>
         <run_address>0x628c</run_address>
         <size>0x444</size>
         <input_file_ref idref="fl-1a"/>
      </object_component>
      <object_component id="oc-222">
         <name>.const:.string:winBitmaps</name>
         <load_address>0x66d0</load_address>
         <run_address>0x66d0</run_address>
         <size>0x444</size>
         <input_file_ref idref="fl-24"/>
      </object_component>
      <object_component id="oc-217">
         <name>.const:.string:wallBitmaps</name>
         <load_address>0x6b14</load_address>
         <run_address>0x6b14</run_address>
         <size>0x68</size>
         <input_file_ref idref="fl-23"/>
      </object_component>
      <object_component id="oc-25a">
         <name>.const:$P$T1$1</name>
         <load_address>0x6b7c</load_address>
         <run_address>0x6b7c</run_address>
         <size>0x19</size>
         <input_file_ref idref="fl-a"/>
      </object_component>
      <object_component id="oc-225">
         <name>.const:.string:pos_eastBitmaps</name>
         <load_address>0x6b95</load_address>
         <run_address>0x6b95</run_address>
         <size>0x12</size>
         <input_file_ref idref="fl-1b"/>
      </object_component>
      <object_component id="oc-255">
         <name>.const:.string:pos_north_eastBitmaps</name>
         <load_address>0x6ba7</load_address>
         <run_address>0x6ba7</run_address>
         <size>0x12</size>
         <input_file_ref idref="fl-1d"/>
      </object_component>
      <object_component id="oc-249">
         <name>.const:.string:pos_north_westBitmaps</name>
         <load_address>0x6bb9</load_address>
         <run_address>0x6bb9</run_address>
         <size>0x12</size>
         <input_file_ref idref="fl-1e"/>
      </object_component>
      <object_component id="oc-243">
         <name>.const:.string:pos_westBitmaps</name>
         <load_address>0x6bcb</load_address>
         <run_address>0x6bcb</run_address>
         <size>0x12</size>
         <input_file_ref idref="fl-22"/>
      </object_component>
      <object_component id="oc-24f">
         <name>.const:.string:pos_northBitmaps</name>
         <load_address>0x6bdd</load_address>
         <run_address>0x6bdd</run_address>
         <size>0xa</size>
         <input_file_ref idref="fl-1c"/>
      </object_component>
      <object_component id="oc-237">
         <name>.const:.string:pos_southBitmaps</name>
         <load_address>0x6be7</load_address>
         <run_address>0x6be7</run_address>
         <size>0xa</size>
         <input_file_ref idref="fl-1f"/>
      </object_component>
      <object_component id="oc-231">
         <name>.const:.string:pos_south_eastBitmaps</name>
         <load_address>0x6bf1</load_address>
         <run_address>0x6bf1</run_address>
         <size>0x9</size>
         <input_file_ref idref="fl-20"/>
      </object_component>
      <object_component id="oc-23d">
         <name>.const:.string:pos_south_westBitmaps</name>
         <load_address>0x6bfa</load_address>
         <run_address>0x6bfa</run_address>
         <size>0x9</size>
         <input_file_ref idref="fl-21"/>
      </object_component>
      <object_component id="oc-c0">
         <name>.const</name>
         <load_address>0x6c04</load_address>
         <run_address>0x6c04</run_address>
         <size>0x8</size>
         <input_file_ref idref="fl-16"/>
      </object_component>
      <object_component id="oc-261">
         <name>.const:.string:enemyBitmaps</name>
         <load_address>0x6c0c</load_address>
         <run_address>0x6c0c</run_address>
         <size>0x6</size>
         <input_file_ref idref="fl-19"/>
      </object_component>
      <object_component id="oc-26e">
         <name>.const:.string:bulletBitmaps</name>
         <load_address>0x6c12</load_address>
         <run_address>0x6c12</run_address>
         <size>0x4</size>
         <input_file_ref idref="fl-18"/>
      </object_component>
      <object_component id="oc-21c">
         <name>.const</name>
         <load_address>0x6c16</load_address>
         <run_address>0x6c16</run_address>
         <size>0x3</size>
         <input_file_ref idref="fl-1a"/>
      </object_component>
      <object_component id="oc-22b">
         <name>.const</name>
         <load_address>0x6c19</load_address>
         <run_address>0x6c19</run_address>
         <size>0x3</size>
         <input_file_ref idref="fl-24"/>
      </object_component>
      <object_component id="oc-26b">
         <name>.const</name>
         <load_address>0x6c1c</load_address>
         <run_address>0x6c1c</run_address>
         <size>0x2</size>
         <input_file_ref idref="fl-18"/>
      </object_component>
      <object_component id="oc-25e">
         <name>.const</name>
         <load_address>0x6c1e</load_address>
         <run_address>0x6c1e</run_address>
         <size>0x2</size>
         <input_file_ref idref="fl-19"/>
      </object_component>
      <object_component id="oc-228">
         <name>.const</name>
         <load_address>0x6c20</load_address>
         <run_address>0x6c20</run_address>
         <size>0x2</size>
         <input_file_ref idref="fl-1b"/>
      </object_component>
      <object_component id="oc-24c">
         <name>.const</name>
         <load_address>0x6c22</load_address>
         <run_address>0x6c22</run_address>
         <size>0x2</size>
         <input_file_ref idref="fl-1c"/>
      </object_component>
      <object_component id="oc-252">
         <name>.const</name>
         <load_address>0x6c24</load_address>
         <run_address>0x6c24</run_address>
         <size>0x2</size>
         <input_file_ref idref="fl-1d"/>
      </object_component>
      <object_component id="oc-246">
         <name>.const</name>
         <load_address>0x6c26</load_address>
         <run_address>0x6c26</run_address>
         <size>0x2</size>
         <input_file_ref idref="fl-1e"/>
      </object_component>
      <object_component id="oc-234">
         <name>.const</name>
         <load_address>0x6c28</load_address>
         <run_address>0x6c28</run_address>
         <size>0x2</size>
         <input_file_ref idref="fl-1f"/>
      </object_component>
      <object_component id="oc-22e">
         <name>.const</name>
         <load_address>0x6c2a</load_address>
         <run_address>0x6c2a</run_address>
         <size>0x2</size>
         <input_file_ref idref="fl-20"/>
      </object_component>
      <object_component id="oc-23a">
         <name>.const</name>
         <load_address>0x6c2c</load_address>
         <run_address>0x6c2c</run_address>
         <size>0x2</size>
         <input_file_ref idref="fl-21"/>
      </object_component>
      <object_component id="oc-240">
         <name>.const</name>
         <load_address>0x6c2e</load_address>
         <run_address>0x6c2e</run_address>
         <size>0x2</size>
         <input_file_ref idref="fl-22"/>
      </object_component>
      <object_component id="oc-214">
         <name>.const</name>
         <load_address>0x6c30</load_address>
         <run_address>0x6c30</run_address>
         <size>0x2</size>
         <input_file_ref idref="fl-23"/>
      </object_component>
      <object_component id="oc-3f2">
         <name>.cinit..data.load</name>
         <load_address>0x6c38</load_address>
         <run_address>0x6c38</run_address>
         <size>0x19</size>
      </object_component>
      <object_component id="oc-3f0">
         <name>__TI_handler_table</name>
         <load_address>0x6c54</load_address>
         <run_address>0x6c54</run_address>
         <size>0xc</size>
      </object_component>
      <object_component id="oc-3f3">
         <name>.cinit..bss.load</name>
         <load_address>0x6c60</load_address>
         <run_address>0x6c60</run_address>
         <size>0x8</size>
      </object_component>
      <object_component id="oc-3f1">
         <name>__TI_cinit_table</name>
         <load_address>0x6c68</load_address>
         <run_address>0x6c68</run_address>
         <size>0x10</size>
      </object_component>
      <object_component id="oc-3c4">
         <name>.binit</name>
         <load_address>0x0</load_address>
         <run_address>0x0</run_address>
         <size>0x0</size>
      </object_component>
      <object_component id="oc-18e">
         <name>.data</name>
         <load_address>0x2000823c</load_address>
         <run_address>0x2000823c</run_address>
         <size>0x4</size>
         <input_file_ref idref="fl-6"/>
      </object_component>
      <object_component id="oc-ec">
         <name>.data</name>
         <load_address>0x20008234</load_address>
         <run_address>0x20008234</run_address>
         <size>0x6</size>
         <input_file_ref idref="fl-7"/>
      </object_component>
      <object_component id="oc-e4">
         <name>.data</name>
         <load_address>0x2000822c</load_address>
         <run_address>0x2000822c</run_address>
         <size>0x8</size>
         <input_file_ref idref="fl-c"/>
      </object_component>
      <object_component id="oc-278">
         <name>.data</name>
         <load_address>0x20008240</load_address>
         <run_address>0x20008240</run_address>
         <size>0x4</size>
         <input_file_ref idref="fl-d"/>
      </object_component>
      <object_component id="oc-2be">
         <name>.data</name>
         <load_address>0x200081f0</load_address>
         <run_address>0x200081f0</run_address>
         <size>0x18</size>
         <input_file_ref idref="fl-10"/>
      </object_component>
      <object_component id="oc-bd">
         <name>.data</name>
         <load_address>0x200081bc</load_address>
         <run_address>0x200081bc</run_address>
         <size>0x34</size>
         <input_file_ref idref="fl-14"/>
      </object_component>
      <object_component id="oc-2d3">
         <name>.data</name>
         <load_address>0x20008220</load_address>
         <run_address>0x20008220</run_address>
         <size>0xc</size>
         <input_file_ref idref="fl-15"/>
      </object_component>
      <object_component id="oc-ca">
         <name>.data</name>
         <load_address>0x20008208</load_address>
         <run_address>0x20008208</run_address>
         <size>0x18</size>
         <input_file_ref idref="fl-16"/>
      </object_component>
      <object_component id="oc-2c4">
         <name>.bss:ucHeap</name>
         <uninitialized>true</uninitialized>
         <run_address>0x20000000</run_address>
         <size>0x8000</size>
         <input_file_ref idref="fl-10"/>
      </object_component>
      <object_component id="oc-2c1">
         <name>.bss:xStart</name>
         <uninitialized>true</uninitialized>
         <run_address>0x20008180</run_address>
         <size>0x8</size>
         <input_file_ref idref="fl-10"/>
      </object_component>
      <object_component id="oc-1a8">
         <name>.bss:pxReadyTasksLists</name>
         <uninitialized>true</uninitialized>
         <run_address>0x20008000</run_address>
         <size>0xc8</size>
         <input_file_ref idref="fl-14"/>
      </object_component>
      <object_component id="oc-1bd">
         <name>.bss:xDelayedTaskList1</name>
         <uninitialized>true</uninitialized>
         <run_address>0x2000810c</run_address>
         <size>0x14</size>
         <input_file_ref idref="fl-14"/>
      </object_component>
      <object_component id="oc-1c0">
         <name>.bss:xDelayedTaskList2</name>
         <uninitialized>true</uninitialized>
         <run_address>0x20008120</run_address>
         <size>0x14</size>
         <input_file_ref idref="fl-14"/>
      </object_component>
      <object_component id="oc-1ae">
         <name>.bss</name>
         <uninitialized>true</uninitialized>
         <run_address>0x20008170</run_address>
         <size>0x8</size>
         <input_file_ref idref="fl-14"/>
      </object_component>
      <object_component id="oc-1ba">
         <name>.bss:xPendingReadyList</name>
         <uninitialized>true</uninitialized>
         <run_address>0x20008134</run_address>
         <size>0x14</size>
         <input_file_ref idref="fl-14"/>
      </object_component>
      <object_component id="oc-1ab">
         <name>.bss:xTasksWaitingTermination</name>
         <uninitialized>true</uninitialized>
         <run_address>0x2000815c</run_address>
         <size>0x14</size>
         <input_file_ref idref="fl-14"/>
      </object_component>
      <object_component id="oc-1b1">
         <name>.bss:xSuspendedTaskList</name>
         <uninitialized>true</uninitialized>
         <run_address>0x20008148</run_address>
         <size>0x14</size>
         <input_file_ref idref="fl-14"/>
      </object_component>
      <object_component id="oc-2d9">
         <name>.bss:xActiveTimerList1</name>
         <uninitialized>true</uninitialized>
         <run_address>0x200080e4</run_address>
         <size>0x14</size>
         <input_file_ref idref="fl-15"/>
      </object_component>
      <object_component id="oc-2dc">
         <name>.bss:xActiveTimerList2</name>
         <uninitialized>true</uninitialized>
         <run_address>0x200080f8</run_address>
         <size>0x14</size>
         <input_file_ref idref="fl-15"/>
      </object_component>
      <object_component id="oc-2d6">
         <name>.bss</name>
         <uninitialized>true</uninitialized>
         <run_address>0x20008178</run_address>
         <size>0x8</size>
         <input_file_ref idref="fl-15"/>
      </object_component>
      <object_component id="oc-e7">
         <name>.common:Queue_Hero</name>
         <uninitialized>true</uninitialized>
         <run_address>0x20008194</run_address>
         <size>0x4</size>
      </object_component>
      <object_component id="oc-26a">
         <name>.common:Queue_Bullet</name>
         <uninitialized>true</uninitialized>
         <run_address>0x2000818c</run_address>
         <size>0x4</size>
      </object_component>
      <object_component id="oc-259">
         <name>.common:Queue_Enemy</name>
         <uninitialized>true</uninitialized>
         <run_address>0x20008190</run_address>
         <size>0x4</size>
      </object_component>
      <object_component id="oc-f2">
         <name>.common:Task_Accel_Handle</name>
         <uninitialized>true</uninitialized>
         <run_address>0x20008198</run_address>
         <size>0x4</size>
      </object_component>
      <object_component id="oc-133">
         <name>.common:Task_Bullet_Handle</name>
         <uninitialized>true</uninitialized>
         <run_address>0x2000819c</run_address>
         <size>0x4</size>
      </object_component>
      <object_component id="oc-136">
         <name>.common:Task_Button_Handle</name>
         <uninitialized>true</uninitialized>
         <run_address>0x200081a0</run_address>
         <size>0x4</size>
      </object_component>
      <object_component id="oc-130">
         <name>.common:Task_Enemy_Handle</name>
         <uninitialized>true</uninitialized>
         <run_address>0x200081a4</run_address>
         <size>0x4</size>
      </object_component>
      <object_component id="oc-25d">
         <name>.common:level</name>
         <uninitialized>true</uninitialized>
         <run_address>0x200080c8</run_address>
         <size>0x19</size>
      </object_component>
      <object_component id="oc-12f">
         <name>.common:Task_Hero_Handle</name>
         <uninitialized>true</uninitialized>
         <run_address>0x200081a8</run_address>
         <size>0x4</size>
      </object_component>
      <object_component id="oc-21b">
         <name>.common:HERO_DIR</name>
         <uninitialized>true</uninitialized>
         <run_address>0x200080e1</run_address>
         <size>0x1</size>
      </object_component>
      <object_component id="oc-21a">
         <name>.common:GAME_STATUS</name>
         <uninitialized>true</uninitialized>
         <run_address>0x20008188</run_address>
         <size>0x4</size>
      </object_component>
      <object_component id="oc-ef">
         <name>.common:Task_Joystick_Handle</name>
         <uninitialized>true</uninitialized>
         <run_address>0x200081ac</run_address>
         <size>0x4</size>
      </object_component>
      <object_component id="oc-143">
         <name>.common:Task_Joystick_Timer_Handle</name>
         <uninitialized>true</uninitialized>
         <run_address>0x200081b0</run_address>
         <size>0x4</size>
      </object_component>
      <object_component id="oc-142">
         <name>.common:Task_Light_Sensor_Handle</name>
         <uninitialized>true</uninitialized>
         <run_address>0x200081b4</run_address>
         <size>0x4</size>
      </object_component>
      <object_component id="oc-13f">
         <name>.common:Task_Light_Timer_Handle</name>
         <uninitialized>true</uninitialized>
         <run_address>0x200081b8</run_address>
         <size>0x4</size>
      </object_component>
      <object_component id="oc-29">
         <name>.stack</name>
         <uninitialized>true</uninitialized>
         <run_address>0x2000fe00</run_address>
         <size>0x4</size>
         <input_file_ref idref="fl-e3"/>
      </object_component>
      <object_component id="oc-3f5">
         <name>.stack</name>
         <uninitialized>true</uninitialized>
         <run_address>0x2000fe00</run_address>
         <size>0x0</size>
      </object_component>
      <object_component id="oc-20d">
         <name>.debug_info</name>
         <load_address>0x0</load_address>
         <run_address>0x0</run_address>
         <size>0x558</size>
         <input_file_ref idref="fl-2"/>
      </object_component>
      <object_component id="oc-273">
         <name>.debug_info</name>
         <load_address>0x558</load_address>
         <run_address>0x558</run_address>
         <size>0x961</size>
         <input_file_ref idref="fl-2"/>
      </object_component>
      <object_component id="oc-fb">
         <name>.debug_info</name>
         <load_address>0xeb9</load_address>
         <run_address>0xeb9</run_address>
         <size>0x37e2</size>
         <input_file_ref idref="fl-2"/>
      </object_component>
      <object_component id="oc-102">
         <name>.debug_info</name>
         <load_address>0x469b</load_address>
         <run_address>0x469b</run_address>
         <size>0x26b</size>
         <input_file_ref idref="fl-2"/>
      </object_component>
      <object_component id="oc-1ec">
         <name>.debug_info</name>
         <load_address>0x4906</load_address>
         <run_address>0x4906</run_address>
         <size>0x1055</size>
         <input_file_ref idref="fl-2"/>
      </object_component>
      <object_component id="oc-32">
         <name>.debug_info</name>
         <load_address>0x595b</load_address>
         <run_address>0x595b</run_address>
         <size>0x84</size>
         <input_file_ref idref="fl-2"/>
      </object_component>
      <object_component id="oc-1d7">
         <name>.debug_info</name>
         <load_address>0x59df</load_address>
         <run_address>0x59df</run_address>
         <size>0x2a4</size>
         <input_file_ref idref="fl-2"/>
      </object_component>
      <object_component id="oc-d9">
         <name>.debug_info</name>
         <load_address>0x5c83</load_address>
         <run_address>0x5c83</run_address>
         <size>0xbb</size>
         <input_file_ref idref="fl-2"/>
      </object_component>
      <object_component id="oc-2fd">
         <name>.debug_info</name>
         <load_address>0x5d3e</load_address>
         <run_address>0x5d3e</run_address>
         <size>0x539</size>
         <input_file_ref idref="fl-3"/>
      </object_component>
      <object_component id="oc-20f">
         <name>.debug_info</name>
         <load_address>0x6277</load_address>
         <run_address>0x6277</run_address>
         <size>0xbca</size>
         <input_file_ref idref="fl-3"/>
      </object_component>
      <object_component id="oc-e8">
         <name>.debug_info</name>
         <load_address>0x6e41</load_address>
         <run_address>0x6e41</run_address>
         <size>0xc02</size>
         <input_file_ref idref="fl-4"/>
      </object_component>
      <object_component id="oc-a5">
         <name>.debug_info</name>
         <load_address>0x7a43</load_address>
         <run_address>0x7a43</run_address>
         <size>0x352</size>
         <input_file_ref idref="fl-4"/>
      </object_component>
      <object_component id="oc-14b">
         <name>.debug_info</name>
         <load_address>0x7d95</load_address>
         <run_address>0x7d95</run_address>
         <size>0x315</size>
         <input_file_ref idref="fl-4"/>
      </object_component>
      <object_component id="oc-f6">
         <name>.debug_info</name>
         <load_address>0x80aa</load_address>
         <run_address>0x80aa</run_address>
         <size>0x7e</size>
         <input_file_ref idref="fl-4"/>
      </object_component>
      <object_component id="oc-265">
         <name>.debug_info</name>
         <load_address>0x8128</load_address>
         <run_address>0x8128</run_address>
         <size>0x4a</size>
         <input_file_ref idref="fl-4"/>
      </object_component>
      <object_component id="oc-1fb">
         <name>.debug_info</name>
         <load_address>0x8172</load_address>
         <run_address>0x8172</run_address>
         <size>0x48b</size>
         <input_file_ref idref="fl-4"/>
      </object_component>
      <object_component id="oc-1f1">
         <name>.debug_info</name>
         <load_address>0x85fd</load_address>
         <run_address>0x85fd</run_address>
         <size>0x4f</size>
         <input_file_ref idref="fl-4"/>
      </object_component>
      <object_component id="oc-200">
         <name>.debug_info</name>
         <load_address>0x864c</load_address>
         <run_address>0x864c</run_address>
         <size>0x2c</size>
         <input_file_ref idref="fl-4"/>
      </object_component>
      <object_component id="oc-cf">
         <name>.debug_info</name>
         <load_address>0x8678</load_address>
         <run_address>0x8678</run_address>
         <size>0x2c</size>
         <input_file_ref idref="fl-4"/>
      </object_component>
      <object_component id="oc-d4">
         <name>.debug_info</name>
         <load_address>0x86a4</load_address>
         <run_address>0x86a4</run_address>
         <size>0x53</size>
         <input_file_ref idref="fl-4"/>
      </object_component>
      <object_component id="oc-1f6">
         <name>.debug_info</name>
         <load_address>0x86f7</load_address>
         <run_address>0x86f7</run_address>
         <size>0xcc</size>
         <input_file_ref idref="fl-4"/>
      </object_component>
      <object_component id="oc-1cd">
         <name>.debug_info</name>
         <load_address>0x87c3</load_address>
         <run_address>0x87c3</run_address>
         <size>0x14c</size>
         <input_file_ref idref="fl-4"/>
      </object_component>
      <object_component id="oc-80">
         <name>.debug_info</name>
         <load_address>0x890f</load_address>
         <run_address>0x890f</run_address>
         <size>0x34c</size>
         <input_file_ref idref="fl-5"/>
      </object_component>
      <object_component id="oc-27">
         <name>.debug_info</name>
         <load_address>0x8c5b</load_address>
         <run_address>0x8c5b</run_address>
         <size>0xf8</size>
         <input_file_ref idref="fl-5"/>
      </object_component>
      <object_component id="oc-68">
         <name>.debug_info</name>
         <load_address>0x8d53</load_address>
         <run_address>0x8d53</run_address>
         <size>0x1bf</size>
         <input_file_ref idref="fl-5"/>
      </object_component>
      <object_component id="oc-18f">
         <name>.debug_info</name>
         <load_address>0x8f12</load_address>
         <run_address>0x8f12</run_address>
         <size>0xf1</size>
         <input_file_ref idref="fl-6"/>
      </object_component>
      <object_component id="oc-b9">
         <name>.debug_info</name>
         <load_address>0x9003</load_address>
         <run_address>0x9003</run_address>
         <size>0x263</size>
         <input_file_ref idref="fl-6"/>
      </object_component>
      <object_component id="oc-f3">
         <name>.debug_info</name>
         <load_address>0x9266</load_address>
         <run_address>0x9266</run_address>
         <size>0x78c</size>
         <input_file_ref idref="fl-7"/>
      </object_component>
      <object_component id="oc-ed">
         <name>.debug_info</name>
         <load_address>0x99f2</load_address>
         <run_address>0x99f2</run_address>
         <size>0x132</size>
         <input_file_ref idref="fl-7"/>
      </object_component>
      <object_component id="oc-145">
         <name>.debug_info</name>
         <load_address>0x9b24</load_address>
         <run_address>0x9b24</run_address>
         <size>0x2f8</size>
         <input_file_ref idref="fl-7"/>
      </object_component>
      <object_component id="oc-134">
         <name>.debug_info</name>
         <load_address>0x9e1c</load_address>
         <run_address>0x9e1c</run_address>
         <size>0x906</size>
         <input_file_ref idref="fl-8"/>
      </object_component>
      <object_component id="oc-125">
         <name>.debug_info</name>
         <load_address>0xa722</load_address>
         <run_address>0xa722</run_address>
         <size>0x4a7</size>
         <input_file_ref idref="fl-8"/>
      </object_component>
      <object_component id="oc-137">
         <name>.debug_info</name>
         <load_address>0xabc9</load_address>
         <run_address>0xabc9</run_address>
         <size>0x76c</size>
         <input_file_ref idref="fl-9"/>
      </object_component>
      <object_component id="oc-13d">
         <name>.debug_info</name>
         <load_address>0xb335</load_address>
         <run_address>0xb335</run_address>
         <size>0x1bf</size>
         <input_file_ref idref="fl-9"/>
      </object_component>
      <object_component id="oc-131">
         <name>.debug_info</name>
         <load_address>0xb4f4</load_address>
         <run_address>0xb4f4</run_address>
         <size>0x8ea</size>
         <input_file_ref idref="fl-a"/>
      </object_component>
      <object_component id="oc-25b">
         <name>.debug_info</name>
         <load_address>0xbdde</load_address>
         <run_address>0xbdde</run_address>
         <size>0xdb</size>
         <input_file_ref idref="fl-a"/>
      </object_component>
      <object_component id="oc-11e">
         <name>.debug_info</name>
         <load_address>0xbeb9</load_address>
         <run_address>0xbeb9</run_address>
         <size>0x4d0</size>
         <input_file_ref idref="fl-a"/>
      </object_component>
      <object_component id="oc-27e">
         <name>.debug_info</name>
         <load_address>0xc389</load_address>
         <run_address>0xc389</run_address>
         <size>0x37e2</size>
         <input_file_ref idref="fl-a"/>
      </object_component>
      <object_component id="oc-ea">
         <name>.debug_info</name>
         <load_address>0xfb6b</load_address>
         <run_address>0xfb6b</run_address>
         <size>0xf32</size>
         <input_file_ref idref="fl-b"/>
      </object_component>
      <object_component id="oc-119">
         <name>.debug_info</name>
         <load_address>0x10a9d</load_address>
         <run_address>0x10a9d</run_address>
         <size>0x517</size>
         <input_file_ref idref="fl-b"/>
      </object_component>
      <object_component id="oc-f0">
         <name>.debug_info</name>
         <load_address>0x10fb4</load_address>
         <run_address>0x10fb4</run_address>
         <size>0x8f3</size>
         <input_file_ref idref="fl-c"/>
      </object_component>
      <object_component id="oc-e5">
         <name>.debug_info</name>
         <load_address>0x118a7</load_address>
         <run_address>0x118a7</run_address>
         <size>0x11a</size>
         <input_file_ref idref="fl-c"/>
      </object_component>
      <object_component id="oc-79">
         <name>.debug_info</name>
         <load_address>0x119c1</load_address>
         <run_address>0x119c1</run_address>
         <size>0x5ca</size>
         <input_file_ref idref="fl-c"/>
      </object_component>
      <object_component id="oc-140">
         <name>.debug_info</name>
         <load_address>0x11f8b</load_address>
         <run_address>0x11f8b</run_address>
         <size>0x8e7</size>
         <input_file_ref idref="fl-d"/>
      </object_component>
      <object_component id="oc-279">
         <name>.debug_info</name>
         <load_address>0x12872</load_address>
         <run_address>0x12872</run_address>
         <size>0xd4</size>
         <input_file_ref idref="fl-d"/>
      </object_component>
      <object_component id="oc-12c">
         <name>.debug_info</name>
         <load_address>0x12946</load_address>
         <run_address>0x12946</run_address>
         <size>0x421</size>
         <input_file_ref idref="fl-d"/>
      </object_component>
      <object_component id="oc-2f1">
         <name>.debug_info</name>
         <load_address>0x12d67</load_address>
         <run_address>0x12d67</run_address>
         <size>0x27c</size>
         <input_file_ref idref="fl-e"/>
      </object_component>
      <object_component id="oc-1d2">
         <name>.debug_info</name>
         <load_address>0x12fe3</load_address>
         <run_address>0x12fe3</run_address>
         <size>0x48b</size>
         <input_file_ref idref="fl-e"/>
      </object_component>
      <object_component id="oc-385">
         <name>.debug_info</name>
         <load_address>0x1346e</load_address>
         <run_address>0x1346e</run_address>
         <size>0xcc</size>
         <input_file_ref idref="fl-e"/>
      </object_component>
      <object_component id="oc-1c8">
         <name>.debug_info</name>
         <load_address>0x1353a</load_address>
         <run_address>0x1353a</run_address>
         <size>0x53</size>
         <input_file_ref idref="fl-e"/>
      </object_component>
      <object_component id="oc-2f9">
         <name>.debug_info</name>
         <load_address>0x1358d</load_address>
         <run_address>0x1358d</run_address>
         <size>0x6d7</size>
         <input_file_ref idref="fl-f"/>
      </object_component>
      <object_component id="oc-1e3">
         <name>.debug_info</name>
         <load_address>0x13c64</load_address>
         <run_address>0x13c64</run_address>
         <size>0x110</size>
         <input_file_ref idref="fl-f"/>
      </object_component>
      <object_component id="oc-2b9">
         <name>.debug_info</name>
         <load_address>0x13d74</load_address>
         <run_address>0x13d74</run_address>
         <size>0x48b</size>
         <input_file_ref idref="fl-f"/>
      </object_component>
      <object_component id="oc-38c">
         <name>.debug_info</name>
         <load_address>0x141ff</load_address>
         <run_address>0x141ff</run_address>
         <size>0x76</size>
         <input_file_ref idref="fl-f"/>
      </object_component>
      <object_component id="oc-391">
         <name>.debug_info</name>
         <load_address>0x14275</load_address>
         <run_address>0x14275</run_address>
         <size>0x39</size>
         <input_file_ref idref="fl-f"/>
      </object_component>
      <object_component id="oc-372">
         <name>.debug_info</name>
         <load_address>0x142ae</load_address>
         <run_address>0x142ae</run_address>
         <size>0x109</size>
         <input_file_ref idref="fl-f"/>
      </object_component>
      <object_component id="oc-2af">
         <name>.debug_info</name>
         <load_address>0x143b7</load_address>
         <run_address>0x143b7</run_address>
         <size>0x4f</size>
         <input_file_ref idref="fl-f"/>
      </object_component>
      <object_component id="oc-2c8">
         <name>.debug_info</name>
         <load_address>0x14406</load_address>
         <run_address>0x14406</run_address>
         <size>0x516</size>
         <input_file_ref idref="fl-10"/>
      </object_component>
      <object_component id="oc-2c5">
         <name>.debug_info</name>
         <load_address>0x1491c</load_address>
         <run_address>0x1491c</run_address>
         <size>0x12b</size>
         <input_file_ref idref="fl-10"/>
      </object_component>
      <object_component id="oc-2c2">
         <name>.debug_info</name>
         <load_address>0x14a47</load_address>
         <run_address>0x14a47</run_address>
         <size>0x12b</size>
         <input_file_ref idref="fl-10"/>
      </object_component>
      <object_component id="oc-2bf">
         <name>.debug_info</name>
         <load_address>0x14b72</load_address>
         <run_address>0x14b72</run_address>
         <size>0x26b</size>
         <input_file_ref idref="fl-10"/>
      </object_component>
      <object_component id="oc-19e">
         <name>.debug_info</name>
         <load_address>0x14ddd</load_address>
         <run_address>0x14ddd</run_address>
         <size>0xd80</size>
         <input_file_ref idref="fl-10"/>
      </object_component>
      <object_component id="oc-369">
         <name>.debug_info</name>
         <load_address>0x15b5d</load_address>
         <run_address>0x15b5d</run_address>
         <size>0x62</size>
         <input_file_ref idref="fl-10"/>
      </object_component>
      <object_component id="oc-2ca">
         <name>.debug_info</name>
         <load_address>0x15bbf</load_address>
         <run_address>0x15bbf</run_address>
         <size>0x3d0</size>
         <input_file_ref idref="fl-11"/>
      </object_component>
      <object_component id="oc-1a3">
         <name>.debug_info</name>
         <load_address>0x15f8f</load_address>
         <run_address>0x15f8f</run_address>
         <size>0x762</size>
         <input_file_ref idref="fl-11"/>
      </object_component>
      <object_component id="oc-1e2">
         <name>.debug_info</name>
         <load_address>0x166f1</load_address>
         <run_address>0x166f1</run_address>
         <size>0x93b</size>
         <input_file_ref idref="fl-12"/>
      </object_component>
      <object_component id="oc-e2">
         <name>.debug_info</name>
         <load_address>0x1702c</load_address>
         <run_address>0x1702c</run_address>
         <size>0x4514</size>
         <input_file_ref idref="fl-12"/>
      </object_component>
      <object_component id="oc-2f4">
         <name>.debug_info</name>
         <load_address>0x1b540</load_address>
         <run_address>0x1b540</run_address>
         <size>0x1ef</size>
         <input_file_ref idref="fl-12"/>
      </object_component>
      <object_component id="oc-1dd">
         <name>.debug_info</name>
         <load_address>0x1b72f</load_address>
         <run_address>0x1b72f</run_address>
         <size>0x46</size>
         <input_file_ref idref="fl-12"/>
      </object_component>
      <object_component id="oc-10e">
         <name>.debug_info</name>
         <load_address>0x1b775</load_address>
         <run_address>0x1b775</run_address>
         <size>0x2c</size>
         <input_file_ref idref="fl-13"/>
      </object_component>
      <object_component id="oc-194">
         <name>.debug_info</name>
         <load_address>0x1b7a1</load_address>
         <run_address>0x1b7a1</run_address>
         <size>0x8db</size>
         <input_file_ref idref="fl-14"/>
      </object_component>
      <object_component id="oc-be">
         <name>.debug_info</name>
         <load_address>0x1c07c</load_address>
         <run_address>0x1c07c</run_address>
         <size>0x387</size>
         <input_file_ref idref="fl-14"/>
      </object_component>
      <object_component id="oc-1a9">
         <name>.debug_info</name>
         <load_address>0x1c403</load_address>
         <run_address>0x1c403</run_address>
         <size>0x130</size>
         <input_file_ref idref="fl-14"/>
      </object_component>
      <object_component id="oc-1be">
         <name>.debug_info</name>
         <load_address>0x1c533</load_address>
         <run_address>0x1c533</run_address>
         <size>0x130</size>
         <input_file_ref idref="fl-14"/>
      </object_component>
      <object_component id="oc-1c1">
         <name>.debug_info</name>
         <load_address>0x1c663</load_address>
         <run_address>0x1c663</run_address>
         <size>0x130</size>
         <input_file_ref idref="fl-14"/>
      </object_component>
      <object_component id="oc-1af">
         <name>.debug_info</name>
         <load_address>0x1c793</load_address>
         <run_address>0x1c793</run_address>
         <size>0x173</size>
         <input_file_ref idref="fl-14"/>
      </object_component>
      <object_component id="oc-1bb">
         <name>.debug_info</name>
         <load_address>0x1c906</load_address>
         <run_address>0x1c906</run_address>
         <size>0x130</size>
         <input_file_ref idref="fl-14"/>
      </object_component>
      <object_component id="oc-1ac">
         <name>.debug_info</name>
         <load_address>0x1ca36</load_address>
         <run_address>0x1ca36</run_address>
         <size>0x13e</size>
         <input_file_ref idref="fl-14"/>
      </object_component>
      <object_component id="oc-1b2">
         <name>.debug_info</name>
         <load_address>0x1cb74</load_address>
         <run_address>0x1cb74</run_address>
         <size>0x132</size>
         <input_file_ref idref="fl-14"/>
      </object_component>
      <object_component id="oc-c4">
         <name>.debug_info</name>
         <load_address>0x1cca6</load_address>
         <run_address>0x1cca6</run_address>
         <size>0x7a05</size>
         <input_file_ref idref="fl-14"/>
      </object_component>
      <object_component id="oc-195">
         <name>.debug_info</name>
         <load_address>0x246ab</load_address>
         <run_address>0x246ab</run_address>
         <size>0x30c</size>
         <input_file_ref idref="fl-14"/>
      </object_component>
      <object_component id="oc-2b4">
         <name>.debug_info</name>
         <load_address>0x249b7</load_address>
         <run_address>0x249b7</run_address>
         <size>0x16e</size>
         <input_file_ref idref="fl-14"/>
      </object_component>
      <object_component id="oc-2e5">
         <name>.debug_info</name>
         <load_address>0x24b25</load_address>
         <run_address>0x24b25</run_address>
         <size>0x871</size>
         <input_file_ref idref="fl-15"/>
      </object_component>
      <object_component id="oc-2da">
         <name>.debug_info</name>
         <load_address>0x25396</load_address>
         <run_address>0x25396</run_address>
         <size>0x130</size>
         <input_file_ref idref="fl-15"/>
      </object_component>
      <object_component id="oc-2dd">
         <name>.debug_info</name>
         <load_address>0x254c6</load_address>
         <run_address>0x254c6</run_address>
         <size>0x130</size>
         <input_file_ref idref="fl-15"/>
      </object_component>
      <object_component id="oc-2d7">
         <name>.debug_info</name>
         <load_address>0x255f6</load_address>
         <run_address>0x255f6</run_address>
         <size>0x168</size>
         <input_file_ref idref="fl-15"/>
      </object_component>
      <object_component id="oc-2d4">
         <name>.debug_info</name>
         <load_address>0x2575e</load_address>
         <run_address>0x2575e</run_address>
         <size>0x154</size>
         <input_file_ref idref="fl-15"/>
      </object_component>
      <object_component id="oc-1b6">
         <name>.debug_info</name>
         <load_address>0x258b2</load_address>
         <run_address>0x258b2</run_address>
         <size>0x2a7c</size>
         <input_file_ref idref="fl-15"/>
      </object_component>
      <object_component id="oc-2e6">
         <name>.debug_info</name>
         <load_address>0x2832e</load_address>
         <run_address>0x2832e</run_address>
         <size>0x1ce</size>
         <input_file_ref idref="fl-15"/>
      </object_component>
      <object_component id="oc-2e0">
         <name>.debug_info</name>
         <load_address>0x284fc</load_address>
         <run_address>0x284fc</run_address>
         <size>0x46</size>
         <input_file_ref idref="fl-15"/>
      </object_component>
      <object_component id="oc-ce">
         <name>.debug_info</name>
         <load_address>0x28542</load_address>
         <run_address>0x28542</run_address>
         <size>0x55f</size>
         <input_file_ref idref="fl-16"/>
      </object_component>
      <object_component id="oc-c1">
         <name>.debug_info</name>
         <load_address>0x28aa1</load_address>
         <run_address>0x28aa1</run_address>
         <size>0x1a5</size>
         <input_file_ref idref="fl-16"/>
      </object_component>
      <object_component id="oc-cb">
         <name>.debug_info</name>
         <load_address>0x28c46</load_address>
         <run_address>0x28c46</run_address>
         <size>0x280</size>
         <input_file_ref idref="fl-16"/>
      </object_component>
      <object_component id="oc-75">
         <name>.debug_info</name>
         <load_address>0x28ec6</load_address>
         <run_address>0x28ec6</run_address>
         <size>0xff9</size>
         <input_file_ref idref="fl-16"/>
      </object_component>
      <object_component id="oc-70">
         <name>.debug_info</name>
         <load_address>0x29ebf</load_address>
         <run_address>0x29ebf</run_address>
         <size>0x292</size>
         <input_file_ref idref="fl-17"/>
      </object_component>
      <object_component id="oc-33e">
         <name>.debug_info</name>
         <load_address>0x2a151</load_address>
         <run_address>0x2a151</run_address>
         <size>0xe3</size>
         <input_file_ref idref="fl-18"/>
      </object_component>
      <object_component id="oc-26f">
         <name>.debug_info</name>
         <load_address>0x2a234</load_address>
         <run_address>0x2a234</run_address>
         <size>0xe9</size>
         <input_file_ref idref="fl-18"/>
      </object_component>
      <object_component id="oc-26c">
         <name>.debug_info</name>
         <load_address>0x2a31d</load_address>
         <run_address>0x2a31d</run_address>
         <size>0x126</size>
         <input_file_ref idref="fl-18"/>
      </object_component>
      <object_component id="oc-339">
         <name>.debug_info</name>
         <load_address>0x2a443</load_address>
         <run_address>0x2a443</run_address>
         <size>0xe2</size>
         <input_file_ref idref="fl-19"/>
      </object_component>
      <object_component id="oc-262">
         <name>.debug_info</name>
         <load_address>0x2a525</load_address>
         <run_address>0x2a525</run_address>
         <size>0xe6</size>
         <input_file_ref idref="fl-19"/>
      </object_component>
      <object_component id="oc-25f">
         <name>.debug_info</name>
         <load_address>0x2a60b</load_address>
         <run_address>0x2a60b</run_address>
         <size>0x121</size>
         <input_file_ref idref="fl-19"/>
      </object_component>
      <object_component id="oc-305">
         <name>.debug_info</name>
         <load_address>0x2a72c</load_address>
         <run_address>0x2a72c</run_address>
         <size>0xe3</size>
         <input_file_ref idref="fl-1a"/>
      </object_component>
      <object_component id="oc-220">
         <name>.debug_info</name>
         <load_address>0x2a80f</load_address>
         <run_address>0x2a80f</run_address>
         <size>0xe3</size>
         <input_file_ref idref="fl-1a"/>
      </object_component>
      <object_component id="oc-21d">
         <name>.debug_info</name>
         <load_address>0x2a8f2</load_address>
         <run_address>0x2a8f2</run_address>
         <size>0x149</size>
         <input_file_ref idref="fl-1a"/>
      </object_component>
      <object_component id="oc-30d">
         <name>.debug_info</name>
         <load_address>0x2aa3b</load_address>
         <run_address>0x2aa3b</run_address>
         <size>0xe5</size>
         <input_file_ref idref="fl-1b"/>
      </object_component>
      <object_component id="oc-226">
         <name>.debug_info</name>
         <load_address>0x2ab20</load_address>
         <run_address>0x2ab20</run_address>
         <size>0xef</size>
         <input_file_ref idref="fl-1b"/>
      </object_component>
      <object_component id="oc-229">
         <name>.debug_info</name>
         <load_address>0x2ac0f</load_address>
         <run_address>0x2ac0f</run_address>
         <size>0x130</size>
         <input_file_ref idref="fl-1b"/>
      </object_component>
      <object_component id="oc-32d">
         <name>.debug_info</name>
         <load_address>0x2ad3f</load_address>
         <run_address>0x2ad3f</run_address>
         <size>0xe6</size>
         <input_file_ref idref="fl-1c"/>
      </object_component>
      <object_component id="oc-250">
         <name>.debug_info</name>
         <load_address>0x2ae25</load_address>
         <run_address>0x2ae25</run_address>
         <size>0xf2</size>
         <input_file_ref idref="fl-1c"/>
      </object_component>
      <object_component id="oc-24d">
         <name>.debug_info</name>
         <load_address>0x2af17</load_address>
         <run_address>0x2af17</run_address>
         <size>0x135</size>
         <input_file_ref idref="fl-1c"/>
      </object_component>
      <object_component id="oc-332">
         <name>.debug_info</name>
         <load_address>0x2b04c</load_address>
         <run_address>0x2b04c</run_address>
         <size>0xeb</size>
         <input_file_ref idref="fl-1d"/>
      </object_component>
      <object_component id="oc-256">
         <name>.debug_info</name>
         <load_address>0x2b137</load_address>
         <run_address>0x2b137</run_address>
         <size>0x101</size>
         <input_file_ref idref="fl-1d"/>
      </object_component>
      <object_component id="oc-253">
         <name>.debug_info</name>
         <load_address>0x2b238</load_address>
         <run_address>0x2b238</run_address>
         <size>0x14e</size>
         <input_file_ref idref="fl-1d"/>
      </object_component>
      <object_component id="oc-328">
         <name>.debug_info</name>
         <load_address>0x2b386</load_address>
         <run_address>0x2b386</run_address>
         <size>0xeb</size>
         <input_file_ref idref="fl-1e"/>
      </object_component>
      <object_component id="oc-24a">
         <name>.debug_info</name>
         <load_address>0x2b471</load_address>
         <run_address>0x2b471</run_address>
         <size>0x101</size>
         <input_file_ref idref="fl-1e"/>
      </object_component>
      <object_component id="oc-247">
         <name>.debug_info</name>
         <load_address>0x2b572</load_address>
         <run_address>0x2b572</run_address>
         <size>0x14e</size>
         <input_file_ref idref="fl-1e"/>
      </object_component>
      <object_component id="oc-319">
         <name>.debug_info</name>
         <load_address>0x2b6c0</load_address>
         <run_address>0x2b6c0</run_address>
         <size>0xe6</size>
         <input_file_ref idref="fl-1f"/>
      </object_component>
      <object_component id="oc-238">
         <name>.debug_info</name>
         <load_address>0x2b7a6</load_address>
         <run_address>0x2b7a6</run_address>
         <size>0xf2</size>
         <input_file_ref idref="fl-1f"/>
      </object_component>
      <object_component id="oc-235">
         <name>.debug_info</name>
         <load_address>0x2b898</load_address>
         <run_address>0x2b898</run_address>
         <size>0x135</size>
         <input_file_ref idref="fl-1f"/>
      </object_component>
      <object_component id="oc-314">
         <name>.debug_info</name>
         <load_address>0x2b9cd</load_address>
         <run_address>0x2b9cd</run_address>
         <size>0xeb</size>
         <input_file_ref idref="fl-20"/>
      </object_component>
      <object_component id="oc-232">
         <name>.debug_info</name>
         <load_address>0x2bab8</load_address>
         <run_address>0x2bab8</run_address>
         <size>0x101</size>
         <input_file_ref idref="fl-20"/>
      </object_component>
      <object_component id="oc-22f">
         <name>.debug_info</name>
         <load_address>0x2bbb9</load_address>
         <run_address>0x2bbb9</run_address>
         <size>0x14e</size>
         <input_file_ref idref="fl-20"/>
      </object_component>
      <object_component id="oc-31e">
         <name>.debug_info</name>
         <load_address>0x2bd07</load_address>
         <run_address>0x2bd07</run_address>
         <size>0xeb</size>
         <input_file_ref idref="fl-21"/>
      </object_component>
      <object_component id="oc-23e">
         <name>.debug_info</name>
         <load_address>0x2bdf2</load_address>
         <run_address>0x2bdf2</run_address>
         <size>0x101</size>
         <input_file_ref idref="fl-21"/>
      </object_component>
      <object_component id="oc-23b">
         <name>.debug_info</name>
         <load_address>0x2bef3</load_address>
         <run_address>0x2bef3</run_address>
         <size>0x14e</size>
         <input_file_ref idref="fl-21"/>
      </object_component>
      <object_component id="oc-323">
         <name>.debug_info</name>
         <load_address>0x2c041</load_address>
         <run_address>0x2c041</run_address>
         <size>0xe5</size>
         <input_file_ref idref="fl-22"/>
      </object_component>
      <object_component id="oc-244">
         <name>.debug_info</name>
         <load_address>0x2c126</load_address>
         <run_address>0x2c126</run_address>
         <size>0xef</size>
         <input_file_ref idref="fl-22"/>
      </object_component>
      <object_component id="oc-241">
         <name>.debug_info</name>
         <load_address>0x2c215</load_address>
         <run_address>0x2c215</run_address>
         <size>0x130</size>
         <input_file_ref idref="fl-22"/>
      </object_component>
      <object_component id="oc-300">
         <name>.debug_info</name>
         <load_address>0x2c345</load_address>
         <run_address>0x2c345</run_address>
         <size>0xe1</size>
         <input_file_ref idref="fl-23"/>
      </object_component>
      <object_component id="oc-218">
         <name>.debug_info</name>
         <load_address>0x2c426</load_address>
         <run_address>0x2c426</run_address>
         <size>0xe3</size>
         <input_file_ref idref="fl-23"/>
      </object_component>
      <object_component id="oc-215">
         <name>.debug_info</name>
         <load_address>0x2c509</load_address>
         <run_address>0x2c509</run_address>
         <size>0x11c</size>
         <input_file_ref idref="fl-23"/>
      </object_component>
      <object_component id="oc-30a">
         <name>.debug_info</name>
         <load_address>0x2c625</load_address>
         <run_address>0x2c625</run_address>
         <size>0xe2</size>
         <input_file_ref idref="fl-24"/>
      </object_component>
      <object_component id="oc-223">
         <name>.debug_info</name>
         <load_address>0x2c707</load_address>
         <run_address>0x2c707</run_address>
         <size>0xe0</size>
         <input_file_ref idref="fl-24"/>
      </object_component>
      <object_component id="oc-22c">
         <name>.debug_info</name>
         <load_address>0x2c7e7</load_address>
         <run_address>0x2c7e7</run_address>
         <size>0x142</size>
         <input_file_ref idref="fl-24"/>
      </object_component>
      <object_component id="oc-39">
         <name>.debug_info</name>
         <load_address>0x2c929</load_address>
         <run_address>0x2c929</run_address>
         <size>0x119</size>
         <input_file_ref idref="fl-de"/>
      </object_component>
      <object_component id="oc-99">
         <name>.debug_info</name>
         <load_address>0x2ca42</load_address>
         <run_address>0x2ca42</run_address>
         <size>0x147</size>
         <input_file_ref idref="fl-df"/>
      </object_component>
      <object_component id="oc-97">
         <name>.debug_info</name>
         <load_address>0x2cb89</load_address>
         <run_address>0x2cb89</run_address>
         <size>0x2d4</size>
         <input_file_ref idref="fl-e0"/>
      </object_component>
      <object_component id="oc-4b">
         <name>.debug_info</name>
         <load_address>0x2ce5d</load_address>
         <run_address>0x2ce5d</run_address>
         <size>0x1b5</size>
         <input_file_ref idref="fl-e0"/>
      </object_component>
      <object_component id="oc-92">
         <name>.debug_info</name>
         <load_address>0x2d012</load_address>
         <run_address>0x2d012</run_address>
         <size>0x46</size>
         <input_file_ref idref="fl-e0"/>
      </object_component>
      <object_component id="oc-42">
         <name>.debug_info</name>
         <load_address>0x2d058</load_address>
         <run_address>0x2d058</run_address>
         <size>0x2a8</size>
         <input_file_ref idref="fl-e1"/>
      </object_component>
      <object_component id="oc-1f">
         <name>.debug_info</name>
         <load_address>0x2d300</load_address>
         <run_address>0x2d300</run_address>
         <size>0x1ea</size>
         <input_file_ref idref="fl-e1"/>
      </object_component>
      <object_component id="oc-3d">
         <name>.debug_info</name>
         <load_address>0x2d4ea</load_address>
         <run_address>0x2d4ea</run_address>
         <size>0x46</size>
         <input_file_ref idref="fl-e1"/>
      </object_component>
      <object_component id="oc-8a">
         <name>.debug_info</name>
         <load_address>0x2d530</load_address>
         <run_address>0x2d530</run_address>
         <size>0x2c</size>
         <input_file_ref idref="fl-e1"/>
      </object_component>
      <object_component id="oc-88">
         <name>.debug_info</name>
         <load_address>0x2d55c</load_address>
         <run_address>0x2d55c</run_address>
         <size>0x29e</size>
         <input_file_ref idref="fl-e2"/>
      </object_component>
      <object_component id="oc-1b">
         <name>.debug_info</name>
         <load_address>0x2d7fa</load_address>
         <run_address>0x2d7fa</run_address>
         <size>0x250</size>
         <input_file_ref idref="fl-e2"/>
      </object_component>
      <object_component id="oc-2d">
         <name>.debug_info</name>
         <load_address>0x2da4a</load_address>
         <run_address>0x2da4a</run_address>
         <size>0x60</size>
         <input_file_ref idref="fl-e2"/>
      </object_component>
      <object_component id="oc-107">
         <name>.debug_info</name>
         <load_address>0x2daaa</load_address>
         <run_address>0x2daaa</run_address>
         <size>0x46</size>
         <input_file_ref idref="fl-e2"/>
      </object_component>
      <object_component id="oc-83">
         <name>.debug_info</name>
         <load_address>0x2daf0</load_address>
         <run_address>0x2daf0</run_address>
         <size>0x39</size>
         <input_file_ref idref="fl-e2"/>
      </object_component>
      <object_component id="oc-2a">
         <name>.debug_info</name>
         <load_address>0x2db29</load_address>
         <run_address>0x2db29</run_address>
         <size>0x10b</size>
         <input_file_ref idref="fl-e3"/>
      </object_component>
      <object_component id="oc-56">
         <name>.debug_info</name>
         <load_address>0x2dc34</load_address>
         <run_address>0x2dc34</run_address>
         <size>0x1a9</size>
         <input_file_ref idref="fl-e3"/>
      </object_component>
      <object_component id="oc-296">
         <name>.debug_info</name>
         <load_address>0x2dddd</load_address>
         <run_address>0x2dddd</run_address>
         <size>0x4b3</size>
         <input_file_ref idref="fl-e4"/>
      </object_component>
      <object_component id="oc-15d">
         <name>.debug_info</name>
         <load_address>0x2e290</load_address>
         <run_address>0x2e290</run_address>
         <size>0x1a6</size>
         <input_file_ref idref="fl-e4"/>
      </object_component>
      <object_component id="oc-354">
         <name>.debug_info</name>
         <load_address>0x2e436</load_address>
         <run_address>0x2e436</run_address>
         <size>0x39</size>
         <input_file_ref idref="fl-e4"/>
      </object_component>
      <object_component id="oc-3b5">
         <name>.debug_info</name>
         <load_address>0x2e46f</load_address>
         <run_address>0x2e46f</run_address>
         <size>0x39</size>
         <input_file_ref idref="fl-e4"/>
      </object_component>
      <object_component id="oc-359">
         <name>.debug_info</name>
         <load_address>0x2e4a8</load_address>
         <run_address>0x2e4a8</run_address>
         <size>0x39</size>
         <input_file_ref idref="fl-e4"/>
      </object_component>
      <object_component id="oc-35e">
         <name>.debug_info</name>
         <load_address>0x2e4e1</load_address>
         <run_address>0x2e4e1</run_address>
         <size>0xcd</size>
         <input_file_ref idref="fl-e4"/>
      </object_component>
      <object_component id="oc-a0">
         <name>.debug_info</name>
         <load_address>0x2e5ae</load_address>
         <run_address>0x2e5ae</run_address>
         <size>0x153</size>
         <input_file_ref idref="fl-e5"/>
      </object_component>
      <object_component id="oc-153">
         <name>.debug_info</name>
         <load_address>0x2e701</load_address>
         <run_address>0x2e701</run_address>
         <size>0x122</size>
         <input_file_ref idref="fl-e7"/>
      </object_component>
      <object_component id="oc-3f6">
         <name>.debug_info</name>
         <load_address>0x2e823</load_address>
         <run_address>0x2e823</run_address>
         <size>0xa7</size>
      </object_component>
      <object_component id="oc-2fb">
         <name>.debug_line</name>
         <load_address>0x0</load_address>
         <run_address>0x0</run_address>
         <size>0x5b</size>
         <input_file_ref idref="fl-2"/>
      </object_component>
      <object_component id="oc-277">
         <name>.debug_line</name>
         <load_address>0x5b</load_address>
         <run_address>0x5b</run_address>
         <size>0x1c9</size>
         <input_file_ref idref="fl-2"/>
      </object_component>
      <object_component id="oc-fe">
         <name>.debug_line</name>
         <load_address>0x224</load_address>
         <run_address>0x224</run_address>
         <size>0x54</size>
         <input_file_ref idref="fl-2"/>
      </object_component>
      <object_component id="oc-105">
         <name>.debug_line</name>
         <load_address>0x278</load_address>
         <run_address>0x278</run_address>
         <size>0x6b</size>
         <input_file_ref idref="fl-2"/>
      </object_component>
      <object_component id="oc-1ef">
         <name>.debug_line</name>
         <load_address>0x2e3</load_address>
         <run_address>0x2e3</run_address>
         <size>0x57</size>
         <input_file_ref idref="fl-2"/>
      </object_component>
      <object_component id="oc-35">
         <name>.debug_line</name>
         <load_address>0x33a</load_address>
         <run_address>0x33a</run_address>
         <size>0x20</size>
         <input_file_ref idref="fl-2"/>
      </object_component>
      <object_component id="oc-1da">
         <name>.debug_line</name>
         <load_address>0x35a</load_address>
         <run_address>0x35a</run_address>
         <size>0x6f</size>
         <input_file_ref idref="fl-2"/>
      </object_component>
      <object_component id="oc-dc">
         <name>.debug_line</name>
         <load_address>0x3c9</load_address>
         <run_address>0x3c9</run_address>
         <size>0x6c</size>
         <input_file_ref idref="fl-2"/>
      </object_component>
      <object_component id="oc-397">
         <name>.debug_line</name>
         <load_address>0x435</load_address>
         <run_address>0x435</run_address>
         <size>0x20</size>
         <input_file_ref idref="fl-3"/>
      </object_component>
      <object_component id="oc-212">
         <name>.debug_line</name>
         <load_address>0x455</load_address>
         <run_address>0x455</run_address>
         <size>0x1de</size>
         <input_file_ref idref="fl-3"/>
      </object_component>
      <object_component id="oc-1eb">
         <name>.debug_line</name>
         <load_address>0x633</load_address>
         <run_address>0x633</run_address>
         <size>0x263</size>
         <input_file_ref idref="fl-4"/>
[...]
      <symbol id="sm-8e2">
         <name>xTimerCreate</name>
         <value>0x32d9</value>
         <object_component_ref idref="oc-1b4"/>
      </symbol>
      <symbol id="sm-8e3">
         <name>vTimerSetReloadMode</name>
         <value>0x3443</value>
         <object_component_ref idref="oc-1b4"/>
      </symbol>
      <symbol id="sm-8e4">
         <name>xTimerGenericCommand</name>
         <value>0x337b</value>
         <object_component_ref idref="oc-1b4"/>
      </symbol>
      <symbol id="sm-8e5">
         <name>uxTimerGetReloadMode</name>
         <value>0x348d</value>
         <object_component_ref idref="oc-1b4"/>
      </symbol>
      <symbol id="sm-8e6">
         <name>pvTimerGetTimerID</name>
         <value>0x39ad</value>
         <object_component_ref idref="oc-1b4"/>
      </symbol>
      <symbol id="sm-8e7">
         <name>vTimerSetTimerID</name>
         <value>0x39db</value>
         <object_component_ref idref="oc-1b4"/>
      </symbol>
      <symbol id="sm-94f">
         <name>ulMaxSyscallInterruptPriority</name>
         <value>0x6c04</value>
         <object_component_ref idref="oc-c0"/>
      </symbol>
      <symbol id="sm-950">
         <name>vPortSetupTimerInterrupt</name>
         <value>0x4291</value>
         <object_component_ref idref="oc-72"/>
      </symbol>
      <symbol id="sm-951">
         <name>vPortEndScheduler</name>
         <value>0x4079</value>
         <object_component_ref idref="oc-72"/>
      </symbol>
      <symbol id="sm-952">
         <name>vPortSuppressTicksAndSleep</name>
         <value>0x4139</value>
         <object_component_ref idref="oc-72"/>
      </symbol>
      <symbol id="sm-953">
         <name>xPortSysTickHandler</name>
         <value>0x410b</value>
         <object_component_ref idref="oc-72"/>
      </symbol>
      <symbol id="sm-954">
         <name>vPortValidateInterruptPriority</name>
         <value>0x42d9</value>
         <object_component_ref idref="oc-72"/>
      </symbol>
      <symbol id="sm-955">
         <name>pxPortInitialiseStack</name>
         <value>0x3f35</value>
         <object_component_ref idref="oc-72"/>
      </symbol>
      <symbol id="sm-956">
         <name>vPortExitCritical</name>
         <value>0x40df</value>
         <object_component_ref idref="oc-72"/>
      </symbol>
      <symbol id="sm-957">
         <name>xPortStartScheduler</name>
         <value>0x3fc1</value>
         <object_component_ref idref="oc-72"/>
      </symbol>
      <symbol id="sm-958">
         <name>vPortEnterCritical</name>
         <value>0x409d</value>
         <object_component_ref idref="oc-72"/>
      </symbol>
      <symbol id="sm-967">
         <name>vPortStartFirstTask</name>
         <value>0x5fd1</value>
         <object_component_ref idref="oc-6d"/>
      </symbol>
      <symbol id="sm-968">
         <name>ulPortGetIPSR</name>
         <value>0x5f39</value>
         <object_component_ref idref="oc-6d"/>
      </symbol>
      <symbol id="sm-969">
         <name>vPortEnableVFP</name>
         <value>0x5ff5</value>
         <object_component_ref idref="oc-6d"/>
      </symbol>
      <symbol id="sm-96a">
         <name>xPortPendSVHandler</name>
         <value>0x5f51</value>
         <object_component_ref idref="oc-6d"/>
      </symbol>
      <symbol id="sm-96b">
         <name>vPortSVCHandler</name>
         <value>0x5fb1</value>
         <object_component_ref idref="oc-6d"/>
      </symbol>
      <symbol id="sm-97d">
         <name>bulletHeightPixels</name>
         <value>0x6c1d</value>
         <object_component_ref idref="oc-26b"/>
      </symbol>
      <symbol id="sm-97e">
         <name>bulletBitmaps</name>
         <value>0x6c12</value>
         <object_component_ref idref="oc-26e"/>
      </symbol>
      <symbol id="sm-97f">
         <name>bulletWidthPixels</name>
         <value>0x6c1c</value>
         <object_component_ref idref="oc-26b"/>
      </symbol>
      <symbol id="sm-991">
         <name>enemyBitmaps</name>
         <value>0x6c0c</value>
         <object_component_ref idref="oc-261"/>
      </symbol>
      <symbol id="sm-992">
         <name>enemyHeightPixels</name>
         <value>0x6c1f</value>
         <object_component_ref idref="oc-25e"/>
      </symbol>
      <symbol id="sm-993">
         <name>enemyWidthPixels</name>
         <value>0x6c1e</value>
         <object_component_ref idref="oc-25e"/>
      </symbol>
      <symbol id="sm-9a6">
         <name>loseWidthPixels</name>
         <value>0x6c16</value>
         <object_component_ref idref="oc-21c"/>
      </symbol>
      <symbol id="sm-9a7">
         <name>loseHeightPixels</name>
         <value>0x6c18</value>
         <object_component_ref idref="oc-21c"/>
      </symbol>
      <symbol id="sm-9a8">
         <name>loseBitmaps</name>
         <value>0x628c</value>
         <object_component_ref idref="oc-21f"/>
      </symbol>
      <symbol id="sm-9a9">
         <name>loseWidthPages</name>
         <value>0x6c17</value>
         <object_component_ref idref="oc-21c"/>
      </symbol>
      <symbol id="sm-9bb">
         <name>pos_eastWidthPixels</name>
         <value>0x6c20</value>
         <object_component_ref idref="oc-228"/>
      </symbol>
      <symbol id="sm-9bc">
         <name>pos_eastBitmaps</name>
         <value>0x6b95</value>
         <object_component_ref idref="oc-225"/>
      </symbol>
      <symbol id="sm-9bd">
         <name>pos_eastHeightPixels</name>
         <value>0x6c21</value>
         <object_component_ref idref="oc-228"/>
      </symbol>
      <symbol id="sm-9cf">
         <name>pos_northBitmaps</name>
         <value>0x6bdd</value>
         <object_component_ref idref="oc-24f"/>
      </symbol>
      <symbol id="sm-9d0">
         <name>pos_northWidthPixels</name>
         <value>0x6c22</value>
         <object_component_ref idref="oc-24c"/>
      </symbol>
      <symbol id="sm-9d1">
         <name>pos_northHeightPixels</name>
         <value>0x6c23</value>
         <object_component_ref idref="oc-24c"/>
      </symbol>
      <symbol id="sm-9e3">
         <name>pos_north_eastHeightPixels</name>
         <value>0x6c25</value>
         <object_component_ref idref="oc-252"/>
      </symbol>
      <symbol id="sm-9e4">
         <name>pos_north_eastBitmaps</name>
         <value>0x6ba7</value>
         <object_component_ref idref="oc-255"/>
      </symbol>
      <symbol id="sm-9e5">
         <name>pos_north_eastWidthPixels</name>
         <value>0x6c24</value>
         <object_component_ref idref="oc-252"/>
      </symbol>
      <symbol id="sm-9f7">
         <name>pos_north_westBitmaps</name>
         <value>0x6bb9</value>
         <object_component_ref idref="oc-249"/>
      </symbol>
      <symbol id="sm-9f8">
         <name>pos_north_westWidthPixels</name>
         <value>0x6c26</value>
         <object_component_ref idref="oc-246"/>
      </symbol>
      <symbol id="sm-9f9">
         <name>pos_north_westHeightPixels</name>
         <value>0x6c27</value>
         <object_component_ref idref="oc-246"/>
      </symbol>
      <symbol id="sm-a0b">
         <name>pos_southWidthPixels</name>
         <value>0x6c28</value>
         <object_component_ref idref="oc-234"/>
      </symbol>
      <symbol id="sm-a0c">
         <name>pos_southHeightPixels</name>
         <value>0x6c29</value>
         <object_component_ref idref="oc-234"/>
      </symbol>
      <symbol id="sm-a0d">
         <name>pos_southBitmaps</name>
         <value>0x6be7</value>
         <object_component_ref idref="oc-237"/>
      </symbol>
      <symbol id="sm-a1f">
         <name>pos_south_eastHeightPixels</name>
         <value>0x6c2b</value>
         <object_component_ref idref="oc-22e"/>
      </symbol>
      <symbol id="sm-a20">
         <name>pos_south_eastWidthPixels</name>
         <value>0x6c2a</value>
         <object_component_ref idref="oc-22e"/>
      </symbol>
      <symbol id="sm-a21">
         <name>pos_south_eastBitmaps</name>
         <value>0x6bf1</value>
         <object_component_ref idref="oc-231"/>
      </symbol>
      <symbol id="sm-a33">
         <name>pos_south_westHeightPixels</name>
         <value>0x6c2d</value>
         <object_component_ref idref="oc-23a"/>
      </symbol>
      <symbol id="sm-a34">
         <name>pos_south_westBitmaps</name>
         <value>0x6bfa</value>
         <object_component_ref idref="oc-23d"/>
      </symbol>
      <symbol id="sm-a35">
         <name>pos_south_westWidthPixels</name>
         <value>0x6c2c</value>
         <object_component_ref idref="oc-23a"/>
      </symbol>
      <symbol id="sm-a47">
         <name>pos_westBitmaps</name>
         <value>0x6bcb</value>
         <object_component_ref idref="oc-243"/>
      </symbol>
      <symbol id="sm-a48">
         <name>pos_westHeightPixels</name>
         <value>0x6c2f</value>
         <object_component_ref idref="oc-240"/>
      </symbol>
      <symbol id="sm-a49">
         <name>pos_westWidthPixels</name>
         <value>0x6c2e</value>
         <object_component_ref idref="oc-240"/>
      </symbol>
      <symbol id="sm-a5b">
         <name>wallHeightPixels</name>
         <value>0x6c31</value>
         <object_component_ref idref="oc-214"/>
      </symbol>
      <symbol id="sm-a5c">
         <name>wallWidthPixels</name>
         <value>0x6c30</value>
         <object_component_ref idref="oc-214"/>
      </symbol>
      <symbol id="sm-a5d">
         <name>wallBitmaps</name>
         <value>0x6b14</value>
         <object_component_ref idref="oc-217"/>
      </symbol>
      <symbol id="sm-a70">
         <name>winHeightPixels</name>
         <value>0x6c1b</value>
         <object_component_ref idref="oc-22b"/>
      </symbol>
      <symbol id="sm-a71">
         <name>winWidthPixels</name>
         <value>0x6c1a</value>
         <object_component_ref idref="oc-22b"/>
      </symbol>
      <symbol id="sm-a72">
         <name>winWidthPages</name>
         <value>0x6c19</value>
         <object_component_ref idref="oc-22b"/>
      </symbol>
      <symbol id="sm-a73">
         <name>winBitmaps</name>
         <value>0x66d0</value>
         <object_component_ref idref="oc-222"/>
      </symbol>
      <symbol id="sm-a8e">
         <name>memcpy</name>
         <value>0x6003</value>
         <object_component_ref idref="oc-37"/>
      </symbol>
      <symbol id="sm-a8f">
         <name>__aeabi_memcpy</name>
         <value>0x6003</value>
         <object_component_ref idref="oc-37"/>
      </symbol>
      <symbol id="sm-a90">
         <name>__aeabi_memcpy8</name>
         <value>0x6003</value>
         <object_component_ref idref="oc-37"/>
      </symbol>
      <symbol id="sm-a91">
         <name>__aeabi_memcpy4</name>
         <value>0x6003</value>
         <object_component_ref idref="oc-37"/>
      </symbol>
      <symbol id="sm-aa0">
         <name>__aeabi_memset</name>
         <value>0x60a1</value>
         <object_component_ref idref="oc-98"/>
      </symbol>
      <symbol id="sm-aa1">
         <name>memset</name>
         <value>0x60a7</value>
         <object_component_ref idref="oc-98"/>
      </symbol>
      <symbol id="sm-aa2">
         <name>__aeabi_memset8</name>
         <value>0x60a1</value>
         <object_component_ref idref="oc-98"/>
      </symbol>
      <symbol id="sm-aa3">
         <name>__aeabi_memset4</name>
         <value>0x60a1</value>
         <object_component_ref idref="oc-98"/>
      </symbol>
      <symbol id="sm-aa4">
         <name>__aeabi_memclr8</name>
         <value>0x609f</value>
         <object_component_ref idref="oc-98"/>
      </symbol>
      <symbol id="sm-aa5">
         <name>__aeabi_memclr4</name>
         <value>0x609f</value>
         <object_component_ref idref="oc-98"/>
      </symbol>
      <symbol id="sm-aa6">
         <name>__aeabi_memclr</name>
         <value>0x609f</value>
         <object_component_ref idref="oc-98"/>
      </symbol>
      <symbol id="sm-ab8">
         <name>__TI_zero_init</name>
         <value>0x6279</value>
         <object_component_ref idref="oc-49"/>
      </symbol>
      <symbol id="sm-acf">
         <name>__TI_decompress_none</name>
         <value>0x625d</value>
         <object_component_ref idref="oc-1d"/>
      </symbol>
      <symbol id="sm-af2">
         <name>__TI_decompress_lzss</name>
         <value>0x6119</value>
         <object_component_ref idref="oc-17"/>
      </symbol>
      <symbol id="sm-b05">
         <name>__stack</name>
         <value>0x2000fe00</value>
         <object_component_ref idref="oc-29"/>
      </symbol>
      <symbol id="sm-b06">
         <name>_c_int00_noargs</name>
         <value>0x6229</value>
         <object_component_ref idref="oc-55"/>
      </symbol>
      <symbol id="sm-b2e">
         <name>__TI_auto_init_nobinit_nopinit</name>
         <value>0x61e5</value>
         <object_component_ref idref="oc-15c"/>
      </symbol>
      <symbol id="sm-b38">
         <name>_system_pre_init</name>
         <value>0x6285</value>
         <object_component_ref idref="oc-9e"/>
      </symbol>
      <symbol id="sm-b44">
         <name>C$$EXIT</name>
         <value>0x6289</value>
         <object_component_ref idref="oc-150"/>
      </symbol>
      <symbol id="sm-b45">
         <name>abort</name>
         <value>0x6289</value>
         <object_component_ref idref="oc-150"/>
      </symbol>
      <symbol id="sm-b48">
         <name>__TI_static_base__</name>
         <value>0x0</value>
      </symbol>
      <symbol id="sm-b4b">
         <name>__mpu_init</name>
         <value>0x0</value>
      </symbol>
      <symbol id="sm-b4c">
         <name>_system_post_cinit</name>
         <value>0x0</value>
      </symbol>
      <symbol id="sm-b4d">
         <name>NMI_Handler</name>
         <value>0x6277</value>
      </symbol>
      <symbol id="sm-b4e">
         <name>HardFault_Handler</name>
         <value>0x6277</value>
      </symbol>
      <symbol id="sm-b4f">
         <name>MemManage_Handler</name>
         <value>0x6277</value>
      </symbol>
      <symbol id="sm-b50">
         <name>BusFault_Handler</name>
         <value>0x6277</value>
      </symbol>
      <symbol id="sm-b51">
         <name>UsageFault_Handler</name>
         <value>0x6277</value>
      </symbol>
      <symbol id="sm-b52">
         <name>SVC_Handler</name>
         <value>0x6277</value>
      </symbol>
      <symbol id="sm-b53">
         <name>DebugMon_Handler</name>
         <value>0x6277</value>
      </symbol>
      <symbol id="sm-b54">
         <name>PendSV_Handler</name>
         <value>0x6277</value>
      </symbol>
      <symbol id="sm-b55">
         <name>SysTick_Handler</name>
         <value>0x6277</value>
      </symbol>
      <symbol id="sm-b56">
         <name>PSS_IRQHandler</name>
         <value>0x6277</value>
      </symbol>
      <symbol id="sm-b57">
         <name>CS_IRQHandler</name>
         <value>0x6277</value>
      </symbol>
      <symbol id="sm-b58">
         <name>PCM_IRQHandler</name>
         <value>0x6277</value>
      </symbol>
      <symbol id="sm-b59">
         <name>WDT_A_IRQHandler</name>
         <value>0x6277</value>
      </symbol>
      <symbol id="sm-b5a">
         <name>FPU_IRQHandler</name>
         <value>0x6277</value>
      </symbol>
      <symbol id="sm-b5b">
         <name>FLCTL_IRQHandler</name>
         <value>0x6277</value>
      </symbol>
      <symbol id="sm-b5c">
         <name>COMP_E0_IRQHandler</name>
         <value>0x6277</value>
      </symbol>
      <symbol id="sm-b5d">
         <name>COMP_E1_IRQHandler</name>
         <value>0x6277</value>
      </symbol>
      <symbol id="sm-b5e">
         <name>TA0_0_IRQHandler</name>
         <value>0x6277</value>
      </symbol>
      <symbol id="sm-b5f">
         <name>TA0_N_IRQHandler</name>
         <value>0x6277</value>
      </symbol>
      <symbol id="sm-b60">
         <name>TA1_0_IRQHandler</name>
         <value>0x6277</value>
      </symbol>
      <symbol id="sm-b61">
         <name>TA1_N_IRQHandler</name>
         <value>0x6277</value>
      </symbol>
      <symbol id="sm-b62">
         <name>TA2_0_IRQHandler</name>
         <value>0x6277</value>
      </symbol>
      <symbol id="sm-b63">
         <name>TA2_N_IRQHandler</name>
         <value>0x6277</value>
      </symbol>
      <symbol id="sm-b64">
         <name>TA3_0_IRQHandler</name>
         <value>0x6277</value>
      </symbol>
      <symbol id="sm-b65">
         <name>TA3_N_IRQHandler</name>
         <value>0x6277</value>
      </symbol>
      <symbol id="sm-b66">
         <name>EUSCIA0_IRQHandler</name>
         <value>0x6277</value>
      </symbol>
      <symbol id="sm-b67">
         <name>EUSCIA1_IRQHandler</name>
         <value>0x6277</value>
      </symbol>
      <symbol id="sm-b68">
         <name>EUSCIA2_IRQHandler</name>
         <value>0x6277</value>
      </symbol>
      <symbol id="sm-b69">
         <name>EUSCIA3_IRQHandler</name>
         <value>0x6277</value>
      </symbol>
      <symbol id="sm-b6a">
         <name>EUSCIB0_IRQHandler</name>
         <value>0x6277</value>
      </symbol>
      <symbol id="sm-b6b">
         <name>EUSCIB1_IRQHandler</name>
         <value>0x6277</value>
      </symbol>
      <symbol id="sm-b6c">
         <name>EUSCIB2_IRQHandler</name>
         <value>0x6277</value>
      </symbol>
      <symbol id="sm-b6d">
         <name>EUSCIB3_IRQHandler</name>
         <value>0x6277</value>
      </symbol>
      <symbol id="sm-b6e">
         <name>ADC14_IRQHandler</name>
         <value>0x5411</value>
      </symbol>
      <symbol id="sm-b6f">
         <name>T32_INT1_IRQHandler</name>
         <value>0x6277</value>
      </symbol>
      <symbol id="sm-b70">
         <name>T32_INT2_IRQHandler</name>
         <value>0x6277</value>
      </symbol>
      <symbol id="sm-b71">
         <name>T32_INTC_IRQHandler</name>
         <value>0x6277</value>
      </symbol>
      <symbol id="sm-b72">
         <name>AES256_IRQHandler</name>
         <value>0x6277</value>
      </symbol>
      <symbol id="sm-b73">
         <name>RTC_C_IRQHandler</name>
         <value>0x6277</value>
      </symbol>
      <symbol id="sm-b74">
         <name>DMA_ERR_IRQHandler</name>
         <value>0x6277</value>
      </symbol>
      <symbol id="sm-b75">
         <name>DMA_INT3_IRQHandler</name>
         <value>0x6277</value>
      </symbol>
      <symbol id="sm-b76">
         <name>DMA_INT2_IRQHandler</name>
         <value>0x6277</value>
      </symbol>
      <symbol id="sm-b77">
         <name>DMA_INT1_IRQHandler</name>
         <value>0x6277</value>
      </symbol>
      <symbol id="sm-b78">
         <name>DMA_INT0_IRQHandler</name>
         <value>0x6277</value>
      </symbol>
      <symbol id="sm-b79">
         <name>PORT1_IRQHandler</name>
         <value>0x6277</value>
      </symbol>
      <symbol id="sm-b7a">
         <name>PORT2_IRQHandler</name>
         <value>0x6277</value>
      </symbol>
      <symbol id="sm-b7b">
         <name>PORT3_IRQHandler</name>
         <value>0x6277</value>
      </symbol>
      <symbol id="sm-b7c">
         <name>PORT4_IRQHandler</name>
         <value>0x6277</value>
      </symbol>
      <symbol id="sm-b7d">
         <name>PORT5_IRQHandler</name>
         <value>0x6277</value>
      </symbol>
      <symbol id="sm-b7e">
         <name>PORT6_IRQHandler</name>
         <value>0x6277</value>
      </symbol>
   </symbol_table>
   <title>Link successful</title>
</link_info>
